Archive member included to satisfy reference by file (symbol)

C:/ST/STM32CubeIDE_1.18.1/STM32CubeIDE/plugins/com.st.stm32cube.ide.mcu.externaltools.gnu-tools-for-stm32.13.3.rel1.win32_1.0.0.202411081344/tools/bin/../lib/gcc/arm-none-eabi/13.3.1/../../../../arm-none-eabi/lib/thumb/v7-m/nofp\libc_nano.a(libc_a-exit.o)
                              C:/ST/STM32CubeIDE_1.18.1/STM32CubeIDE/plugins/com.st.stm32cube.ide.mcu.externaltools.gnu-tools-for-stm32.13.3.rel1.win32_1.0.0.202411081344/tools/bin/../lib/gcc/arm-none-eabi/13.3.1/../../../../arm-none-eabi/lib/thumb/v7-m/nofp/crt0.o (exit)
C:/ST/STM32CubeIDE_1.18.1/STM32CubeIDE/plugins/com.st.stm32cube.ide.mcu.externaltools.gnu-tools-for-stm32.13.3.rel1.win32_1.0.0.202411081344/tools/bin/../lib/gcc/arm-none-eabi/13.3.1/../../../../arm-none-eabi/lib/thumb/v7-m/nofp\libc_nano.a(libc_a-rand.o)
                              ./Core/Src/drivers/anim.o (srand)
C:/ST/STM32CubeIDE_1.18.1/STM32CubeIDE/plugins/com.st.stm32cube.ide.mcu.externaltools.gnu-tools-for-stm32.13.3.rel1.win32_1.0.0.202411081344/tools/bin/../lib/gcc/arm-none-eabi/13.3.1/../../../../arm-none-eabi/lib/thumb/v7-m/nofp\libc_nano.a(libc_a-findfp.o)
                              C:/ST/STM32CubeIDE_1.18.1/STM32CubeIDE/plugins/com.st.stm32cube.ide.mcu.externaltools.gnu-tools-for-stm32.13.3.rel1.win32_1.0.0.202411081344/tools/bin/../lib/gcc/arm-none-eabi/13.3.1/../../../../arm-none-eabi/lib/thumb/v7-m/nofp\libc_nano.a(libc_a-exit.o) (__stdio_exit_handler)
C:/ST/STM32CubeIDE_1.18.1/STM32CubeIDE/plugins/com.st.stm32cube.ide.mcu.externaltools.gnu-tools-for-stm32.13.3.rel1.win32_1.0.0.202411081344/tools/bin/../lib/gcc/arm-none-eabi/13.3.1/../../../../arm-none-eabi/lib/thumb/v7-m/nofp\libc_nano.a(libc_a-fwalk.o)
                              C:/ST/STM32CubeIDE_1.18.1/STM32CubeIDE/plugins/com.st.stm32cube.ide.mcu.externaltools.gnu-tools-for-stm32.13.3.rel1.win32_1.0.0.202411081344/tools/bin/../lib/gcc/arm-none-eabi/13.3.1/../../../../arm-none-eabi/lib/thumb/v7-m/nofp\libc_nano.a(libc_a-findfp.o) (_fwalk_sglue)
C:/ST/STM32CubeIDE_1.18.1/STM32CubeIDE/plugins/com.st.stm32cube.ide.mcu.externaltools.gnu-tools-for-stm32.13.3.rel1.win32_1.0.0.202411081344/tools/bin/../lib/gcc/arm-none-eabi/13.3.1/../../../../arm-none-eabi/lib/thumb/v7-m/nofp\libc_nano.a(libc_a-printf.o)
                              ./Core/Src/main.o (printf)
C:/ST/STM32CubeIDE_1.18.1/STM32CubeIDE/plugins/com.st.stm32cube.ide.mcu.externaltools.gnu-tools-for-stm32.13.3.rel1.win32_1.0.0.202411081344/tools/bin/../lib/gcc/arm-none-eabi/13.3.1/../../../../arm-none-eabi/lib/thumb/v7-m/nofp\libc_nano.a(libc_a-puts.o)
                              ./Core/Src/main.o (puts)
C:/ST/STM32CubeIDE_1.18.1/STM32CubeIDE/plugins/com.st.stm32cube.ide.mcu.externaltools.gnu-tools-for-stm32.13.3.rel1.win32_1.0.0.202411081344/tools/bin/../lib/gcc/arm-none-eabi/13.3.1/../../../../arm-none-eabi/lib/thumb/v7-m/nofp\libc_nano.a(libc_a-snprintf.o)
                              ./Core/Src/ui_fsm.o (snprintf)
C:/ST/STM32CubeIDE_1.18.1/STM32CubeIDE/plugins/com.st.stm32cube.ide.mcu.externaltools.gnu-tools-for-stm32.13.3.rel1.win32_1.0.0.202411081344/tools/bin/../lib/gcc/arm-none-eabi/13.3.1/../../../../arm-none-eabi/lib/thumb/v7-m/nofp\libc_nano.a(libc_a-stdio.o)
                              C:/ST/STM32CubeIDE_1.18.1/STM32CubeIDE/plugins/com.st.stm32cube.ide.mcu.externaltools.gnu-tools-for-stm32.13.3.rel1.win32_1.0.0.202411081344/tools/bin/../lib/gcc/arm-none-eabi/13.3.1/../../../../arm-none-eabi/lib/thumb/v7-m/nofp\libc_nano.a(libc_a-findfp.o) (__sread)
C:/ST/STM32CubeIDE_1.18.1/STM32CubeIDE/plugins/com.st.stm32cube.ide.mcu.externaltools.gnu-tools-for-stm32.13.3.rel1.win32_1.0.0.202411081344/tools/bin/../lib/gcc/arm-none-eabi/13.3.1/../../../../arm-none-eabi/lib/thumb/v7-m/nofp\libc_nano.a(libc_a-wbuf.o)
                              C:/ST/STM32CubeIDE_1.18.1/STM32CubeIDE/plugins/com.st.stm32cube.ide.mcu.externaltools.gnu-tools-for-stm32.13.3.rel1.win32_1.0.0.202411081344/tools/bin/../lib/gcc/arm-none-eabi/13.3.1/../../../../arm-none-eabi/lib/thumb/v7-m/nofp\libc_nano.a(libc_a-puts.o) (__swbuf_r)
C:/ST/STM32CubeIDE_1.18.1/STM32CubeIDE/plugins/com.st.stm32cube.ide.mcu.externaltools.gnu-tools-for-stm32.13.3.rel1.win32_1.0.0.202411081344/tools/bin/../lib/gcc/arm-none-eabi/13.3.1/../../../../arm-none-eabi/lib/thumb/v7-m/nofp\libc_nano.a(libc_a-wsetup.o)
                              C:/ST/STM32CubeIDE_1.18.1/STM32CubeIDE/plugins/com.st.stm32cube.ide.mcu.externaltools.gnu-tools-for-stm32.13.3.rel1.win32_1.0.0.202411081344/tools/bin/../lib/gcc/arm-none-eabi/13.3.1/../../../../arm-none-eabi/lib/thumb/v7-m/nofp\libc_nano.a(libc_a-puts.o) (__swsetup_r)
C:/ST/STM32CubeIDE_1.18.1/STM32CubeIDE/plugins/com.st.stm32cube.ide.mcu.externaltools.gnu-tools-for-stm32.13.3.rel1.win32_1.0.0.202411081344/tools/bin/../lib/gcc/arm-none-eabi/13.3.1/../../../../arm-none-eabi/lib/thumb/v7-m/nofp\libc_nano.a(libc_a-memset.o)
[...]
Memory Configuration

Name             Origin             Length             Attributes
RAM              0x20000000         0x00005000         xrw
FLASH            0x08000000         0x00020000         xr
*default*        0x00000000         0xffffffff

Linker script and memory map

LOAD C:/ST/STM32CubeIDE_1.18.1/STM32CubeIDE/plugins/com.st.stm32cube.ide.mcu.externaltools.gnu-tools-for-stm32.13.3.rel1.win32_1.0.0.202411081344/tools/bin/../lib/gcc/arm-none-eabi/13.3.1/thumb/v7-m/nofp/crti.o
LOAD C:/ST/STM32CubeIDE_1.18.1/STM32CubeIDE/plugins/com.st.stm32cube.ide.mcu.externaltools.gnu-tools-for-stm32.13.3.rel1.win32_1.0.0.202411081344/tools/bin/../lib/gcc/arm-none-eabi/13.3.1/thumb/v7-m/nofp/crtbegin.o
LOAD C:/ST/STM32CubeIDE_1.18.1/STM32CubeIDE/plugins/com.st.stm32cube.ide.mcu.externaltools.gnu-tools-for-stm32.13.3.rel1.win32_1.0.0.202411081344/tools/bin/../lib/gcc/arm-none-eabi/13.3.1/../../../../arm-none-eabi/lib/thumb/v7-m/nofp/crt0.o
LOAD ./Core/Src/drivers/anim.o
LOAD ./Core/Src/drivers/buzzer.o
LOAD ./Core/Src/drivers/eyes.o
LOAD ./Core/Src/drivers/lcd_gfx.o
LOAD ./Core/Src/drivers/lcd_st7735.o
LOAD ./Core/Src/drivers/motor.o
LOAD ./Core/Src/drivers/rgb_led.o
LOAD ./Core/Src/drivers/servo.o
LOAD ./Core/Src/drivers/ultrasonic.o
LOAD ./Core/Src/main.o
LOAD ./Core/Src/robot_state.o
LOAD ./Core/Src/stm32f1xx_hal_msp.o
LOAD ./Core/Src/stm32f1xx_it.o
LOAD ./Core/Src/syscalls.o
LOAD ./Core/Src/sysmem.o
LOAD ./Core/Src/system_stm32f1xx.o
LOAD ./Core/Src/ui_fsm.o
LOAD ./Core/Startup/startup_stm32f103rbtx.o
LOAD ./Drivers/STM32F1xx_HAL_Driver/Src/stm32f1xx_hal.o
LOAD ./Drivers/STM32F1xx_HAL_Driver/Src/stm32f1xx_hal_cortex.o
LOAD ./Drivers/STM32F1xx_HAL_Driver/Src/stm32f1xx_hal_dma.o
LOAD ./Drivers/STM32F1xx_HAL_Driver/Src/stm32f1xx_hal_exti.o
LOAD ./Drivers/STM32F1xx_HAL_Driver/Src/stm32f1xx_hal_flash.o
LOAD ./Drivers/STM32F1xx_HAL_Driver/Src/stm32f1xx_hal_flash_ex.o
LOAD ./Drivers/STM32F1xx_HAL_Driver/Src/stm32f1xx_hal_gpio.o
LOAD ./Drivers/STM32F1xx_HAL_Driver/Src/stm32f1xx_hal_gpio_ex.o
LOAD ./Drivers/STM32F1xx_HAL_Driver/Src/stm32f1xx_hal_i2c.o
LOAD ./Drivers/STM32F1xx_HAL_Driver/Src/stm32f1xx_hal_pwr.o
LOAD ./Drivers/STM32F1xx_HAL_Driver/Src/stm32f1xx_hal_rcc.o
LOAD ./Drivers/STM32F1xx_HAL_Driver/Src/stm32f1xx_hal_rcc_ex.o
LOAD ./Drivers/STM32F1xx_HAL_Driver/Src/stm32f1xx_hal_spi.o
LOAD ./Drivers/STM32F1xx_HAL_Driver/Src/stm32f1xx_hal_tim.o
LOAD ./Drivers/STM32F1xx_HAL_Driver/Src/stm32f1xx_hal_tim_ex.o
LOAD ./Drivers/STM32F1xx_HAL_Driver/Src/stm32f1xx_hal_uart.o
START GROUP
LOAD C:/ST/STM32CubeIDE_1.18.1/STM32CubeIDE/plugins/com.st.stm32cube.ide.mcu.externaltools.gnu-tools-for-stm32.13.3.rel1.win32_1.0.0.202411081344/tools/bin/../lib/gcc/arm-none-eabi/13.3.1/../../../../arm-none-eabi/lib/thumb/v7-m/nofp\libc_nano.a
LOAD C:/ST/STM32CubeIDE_1.18.1/STM32CubeIDE/plugins/com.st.stm32cube.ide.mcu.externaltools.gnu-tools-for-stm32.13.3.rel1.win32_1.0.0.202411081344/tools/bin/../lib/gcc/arm-none-eabi/13.3.1/../../../../arm-none-eabi/lib/thumb/v7-m/nofp\libm.a
END GROUP
START GROUP
LOAD C:/ST/STM32CubeIDE_1.18.1/STM32CubeIDE/plugins/com.st.stm32cube.ide.mcu.externaltools.gnu-tools-for-stm32.13.3.rel1.win32_1.0.0.202411081344/tools/bin/../lib/gcc/arm-none-eabi/13.3.1/thumb/v7-m/nofp\libgcc.a
LOAD C:/ST/STM32CubeIDE_1.18.1/STM32CubeIDE/plugins/com.st.stm32cube.ide.mcu.externaltools.gnu-tools-for-stm32.13.3.rel1.win32_1.0.0.202411081344/tools/bin/../lib/gcc/arm-none-eabi/13.3.1/../../../../arm-none-eabi/lib/thumb/v7-m/nofp\libc_nano.a
END GROUP
START GROUP
LOAD C:/ST/STM32CubeIDE_1.18.1/STM32CubeIDE/plugins/com.st.stm32cube.ide.mcu.externaltools.gnu-tools-for-stm32.13.3.rel1.win32_1.0.0.202411081344/tools/bin/../lib/gcc/arm-none-eabi/13.3.1/thumb/v7-m/nofp\libgcc.a
LOAD C:/ST/STM32CubeIDE_1.18.1/STM32CubeIDE/plugins/com.st.stm32cube.ide.mcu.externaltools.gnu-tools-for-stm32.13.3.rel1.win32_1.0.0.202411081344/tools/bin/../lib/gcc/arm-none-eabi/13.3.1/../../../../arm-none-eabi/lib/thumb/v7-m/nofp\libc_nano.a
LOAD C:/ST/STM32CubeIDE_1.18.1/STM32CubeIDE/plugins/com.st.stm32cube.ide.mcu.externaltools.gnu-tools-for-stm32.13.3.rel1.win32_1.0.0.202411081344/tools/bin/../lib/gcc/arm-none-eabi/13.3.1/../../../../arm-none-eabi/lib/thumb/v7-m/nofp\libnosys.a
END GROUP
START GROUP
LOAD C:/ST/STM32CubeIDE_1.18.1/STM32CubeIDE/plugins/com.st.stm32cube.ide.mcu.externaltools.gnu-tools-for-stm32.13.3.rel1.win32_1.0.0.202411081344/tools/bin/../lib/gcc/arm-none-eabi/13.3.1/thumb/v7-m/nofp\libgcc.a
LOAD C:/ST/STM32CubeIDE_1.18.1/STM32CubeIDE/plugins/com.st.stm32cube.ide.mcu.externaltools.gnu-tools-for-stm32.13.3.rel1.win32_1.0.0.202411081344/tools/bin/../lib/gcc/arm-none-eabi/13.3.1/../../../../arm-none-eabi/lib/thumb/v7-m/nofp\libc_nano.a
LOAD C:/ST/STM32CubeIDE_1.18.1/STM32CubeIDE/plugins/com.st.stm32cube.ide.mcu.externaltools.gnu-tools-for-stm32.13.3.rel1.win32_1.0.0.202411081344/tools/bin/../lib/gcc/arm-none-eabi/13.3.1/../../../../arm-none-eabi/lib/thumb/v7-m/nofp\libnosys.a
END GROUP
LOAD C:/ST/STM32CubeIDE_1.18.1/STM32CubeIDE/plugins/com.st.stm32cube.ide.mcu.externaltools.gnu-tools-for-stm32.13.3.rel1.win32_1.0.0.202411081344/tools/bin/../lib/gcc/arm-none-eabi/13.3.1/thumb/v7-m/nofp/crtend.o
LOAD C:/ST/STM32CubeIDE_1.18.1/STM32CubeIDE/plugins/com.st.stm32cube.ide.mcu.externaltools.gnu-tools-for-stm32.13.3.rel1.win32_1.0.0.202411081344/tools/bin/../lib/gcc/arm-none-eabi/13.3.1/thumb/v7-m/nofp/crtn.o
                0x20005000                        _estack = (ORIGIN (RAM) + LENGTH (RAM))
                0x00000200                        _Min_Heap_Size = 0x200
                0x00000400                        _Min_Stack_Size = 0x400

.isr_vector     0x08000000      0x10c
                0x08000000                        . = ALIGN (0x4)
 *(.isr_vector)
 .isr_vector    0x08000000      0x10c ./Core/Startup/startup_stm32f103rbtx.o
                0x08000000                g_pfnVectors
                0x0800010c                        . = ALIGN (0x4)

.text           0x0800010c     0x9b34
                0x0800010c                        . = ALIGN (0x4)
 *(.text)
 .text          0x0800010c       0x40 C:/ST/STM32CubeIDE_1.18.1/STM32CubeIDE/plugins/com.st.stm32cube.ide.mcu.externaltools.gnu-tools-for-stm32.13.3.rel1.win32_1.0.0.202411081344/tools/bin/../lib/gcc/arm-none-eabi/13.3.1/thumb/v7-m/nofp/crtbegin.o
 .text          0x0800014c       0x14 C:/ST/STM32CubeIDE_1.18.1/STM32CubeIDE/plugins/com.st.stm32cube.ide.mcu.externaltools.gnu-tools-for-stm32.13.3.rel1.win32_1.0.0.202411081344/tools/bin/../lib/gcc/arm-none-eabi/13.3.1/../../../../arm-none-eabi/lib/thumb/v7-m/nofp\libc_nano.a(libc_a-strcmp.o)
                0x0800014c                strcmp
 *(.text*)
 .text.Anim_Init
                0x08000160       0x5c ./Core/Src/drivers/anim.o
                0x08000160                Anim_Init
 .text.Anim_Set
                0x080001bc       0x1a ./Core/Src/drivers/anim.o
                0x080001bc                Anim_Set
 *fill*         0x080001d6        0x2 
 .text.Blink_Update
                0x080001d8      0x134 ./Core/Src/drivers/anim.o
                0x080001d8                Blink_Update
 .text.Anim_Update
                0x0800030c       0x10 ./Core/Src/drivers/anim.o
                0x0800030c                Anim_Update
 .text.Buzzer_Init
                0x0800031c       0x3c ./Core/Src/drivers/buzzer.o
                0x0800031c                Buzzer_Init
 .text.Buzzer_SetFrequency
                0x08000358       0xb8 ./Core/Src/drivers/buzzer.o
 .text.Buzzer_PlayMelody
                0x08000410       0x64 ./Core/Src/drivers/buzzer.o
                0x08000410                Buzzer_PlayMelody
 .text.Buzzer_Stop
                0x08000474       0x50 ./Core/Src/drivers/buzzer.o
                0x08000474                Buzzer_Stop
 .text.Buzzer_Update
                0x080004c4       0xe8 ./Core/Src/drivers/buzzer.o
                0x080004c4                Buzzer_Update
 .text.Buzzer_PlayMario
                0x080005ac       0x14 ./Core/Src/drivers/buzzer.o
                0x080005ac                Buzzer_PlayMario
 .text.Buzzer_PlayAlert
                0x080005c0       0x14 ./Core/Src/drivers/buzzer.o
                0x080005c0                Buzzer_PlayAlert
 .text.Buzzer_PlayElise
                0x080005d4       0x14 ./Core/Src/drivers/buzzer.o
                0x080005d4                Buzzer_PlayElise
 .text.Buzzer_PlayReset
                0x080005e8       0x14 ./Core/Src/drivers/buzzer.o
                0x080005e8                Buzzer_PlayReset
 .text.Buzzer_PlayStop
                0x080005fc       0x14 ./Core/Src/drivers/buzzer.o
                0x080005fc                Buzzer_PlayStop
 .text.Buzzer_PlayStart
                0x08000610       0x14 ./Core/Src/drivers/buzzer.o
                0x08000610                Buzzer_PlayStart
 .text.Buzzer_PlayOk
                0x08000624       0x14 ./Core/Src/drivers/buzzer.o
                0x08000624                Buzzer_PlayOk
 .text.Buzzer_PlayPing
                0x08000638       0x14 ./Core/Src/drivers/buzzer.o
                0x08000638                Buzzer_PlayPing
 .text.Eye_Normal
                0x0800064c       0x2e ./Core/Src/drivers/eyes.o
 .text.Eye_Closed
                0x0800067a       0x2a ./Core/Src/drivers/eyes.o
 .text.Eye_Happy
                0x080006a4       0x2e ./Core/Src/drivers/eyes.o
 .text.Eye_Angry
                0x080006d2       0x66 ./Core/Src/drivers/eyes.o
 .text.Eye_Sad  0x08000738       0x84 ./Core/Src/drivers/eyes.o
 .text.Eye_LookLeft
                0x080007bc       0x44 ./Core/Src/drivers/eyes.o
 .text.Eye_LookRight
                0x08000800       0x44 ./Core/Src/drivers/eyes.o
 .text.ClearEyeArea
                0x08000844       0x2c ./Core/Src/drivers/eyes.o
 .text.Eyes_Draw
                0x08000870       0xd8 ./Core/Src/drivers/eyes.o
                0x08000870                Eyes_Draw
 .text.Eyes_SetExpression
                0x08000948       0x34 ./Core/Src/drivers/eyes.o
                0x08000948                Eyes_SetExpression
 .text.Eyes_GetExpression
                0x0800097c       0x14 ./Core/Src/drivers/eyes.o
                0x0800097c                Eyes_GetExpression
 .text.Eyes_Update
                0x08000990       0x58 ./Core/Src/drivers/eyes.o
                0x08000990                Eyes_Update
 .text.LCD_FillRect
                0x080009e8       0xcc ./Core/Src/drivers/lcd_gfx.o
                0x080009e8                LCD_FillRect
 .text.LCD_HLine
                0x08000ab4       0x96 ./Core/Src/drivers/lcd_gfx.o
 .text.LCD_FillCircle
                0x08000b4a      0x15a ./Core/Src/drivers/lcd_gfx.o
                0x08000b4a                LCD_FillCircle
 .text.LCD_RoundRect
                0x08000ca4      0x2ce ./Core/Src/drivers/lcd_gfx.o
                0x08000ca4                LCD_RoundRect
 .text.LCD_ThickLine
                0x08000f72      0x158 ./Core/Src/drivers/lcd_gfx.o
                0x08000f72                LCD_ThickLine
 *fill*         0x080010ca        0x2 
 .text.LCD_Cmd  0x080010cc       0x44 ./Core/Src/drivers/lcd_st7735.o
 .text.LCD_Data
                0x08001110       0x44 ./Core/Src/drivers/lcd_st7735.o
 .text.LCD_SetWindow
                0x08001154       0xc4 ./Core/Src/drivers/lcd_st7735.o
                0x08001154                LCD_SetWindow
 .text.LCD_WriteColorFast
                0x08001218       0xb4 ./Core/Src/drivers/lcd_st7735.o
                0x08001218                LCD_WriteColorFast
 .text.LCD_Init
                0x080012cc       0x60 ./Core/Src/drivers/lcd_st7735.o
                0x080012cc                LCD_Init
 .text.RF       0x0800132c       0x64 ./Core/Src/drivers/motor.o
 .text.RB       0x08001390       0x70 ./Core/Src/drivers/motor.o
 .text.LF       0x08001400       0x6c ./Core/Src/drivers/motor.o
 .text.LB       0x0800146c       0x74 ./Core/Src/drivers/motor.o
 .text.Motor_Init
                0x080014e0        0xc ./Core/Src/drivers/motor.o
                0x080014e0                Motor_Init
 .text.Motor_Stop
                0x080014ec       0x20 ./Core/Src/drivers/motor.o
                0x080014ec                Motor_Stop
 .text.Motor_Forward
                0x0800150c       0x20 ./Core/Src/drivers/motor.o
                0x0800150c                Motor_Forward
 .text.Motor_Backward
                0x0800152c       0x20 ./Core/Src/drivers/motor.o
                0x0800152c                Motor_Backward
 .text.Motor_Right
                0x0800154c       0x20 ./Core/Src/drivers/motor.o
                0x0800154c                Motor_Right
 .text.Motor_Left
                0x0800156c       0x20 ./Core/Src/drivers/motor.o
                0x0800156c                Motor_Left
 .text.RGB_Init
                0x0800158c        0xc ./Core/Src/drivers/rgb_led.o
                0x0800158c                RGB_Init
 .text.RGB_Set  0x08001598       0x9c ./Core/Src/drivers/rgb_led.o
                0x08001598                RGB_Set
 .text.RGB_Off  0x08001634       0x2c ./Core/Src/drivers/rgb_led.o
                0x08001634                RGB_Off
 .text.Servo_Init
                0x08001660       0x84 ./Core/Src/drivers/servo.o
                0x08001660                Servo_Init
 .text.Servo_SetAngle
                0x080016e4       0x90 ./Core/Src/drivers/servo.o
                0x080016e4                Servo_SetAngle
 .text.trig_pulse
                0x08001774       0x38 ./Core/Src/drivers/ultrasonic.o
 .text.Ultrasonic_Init
                0x080017ac       0x38 ./Core/Src/drivers/ultrasonic.o
                0x080017ac                Ultrasonic_Init
 .text.Ultrasonic_Trigger
                0x080017e4       0x18 ./Core/Src/drivers/ultrasonic.o
                0x080017e4                Ultrasonic_Trigger
 .text.Ultrasonic_Read
                0x080017fc       0x30 ./Core/Src/drivers/ultrasonic.o
                0x080017fc                Ultrasonic_Read
 .text.Ultrasonic_IC_Callback
                0x0800182c       0xec ./Core/Src/drivers/ultrasonic.o
                0x0800182c                Ultrasonic_IC_Callback
 .text.delay_us
                0x08001918       0x48 ./Core/Src/main.o
                0x08001918                delay_us
 .text.LCD_DATA
                0x08001960       0xb8 ./Core/Src/main.o
                0x08001960                LCD_DATA
 .text.LCD_CMD  0x08001a18       0xb8 ./Core/Src/main.o
                0x08001a18                LCD_CMD
 .text.LCD_CMD_4bit
                0x08001ad0       0x78 ./Core/Src/main.o
                0x08001ad0                LCD_CMD_4bit
 .text.LCD_INIT
                0x08001b48       0x62 ./Core/Src/main.o
                0x08001b48                LCD_INIT
 .text.LCD_XY   0x08001baa       0x66 ./Core/Src/main.o
                0x08001baa                LCD_XY
 .text.LCD_CLEAR
                0x08001c10       0x14 ./Core/Src/main.o
                0x08001c10                LCD_CLEAR
 .text.LCD_PUTS
                0x08001c24       0x2a ./Core/Src/main.o
                0x08001c24                LCD_PUTS
 *fill*         0x08001c4e        0x2 
 .text.StateToStr
                0x08001c50       0x7c ./Core/Src/main.o
                0x08001c50                StateToStr
 .text.I2C_ScanAddresses
                0x08001ccc       0x64 ./Core/Src/main.o
                0x08001ccc                I2C_ScanAddresses
 .text.Handle_Command
                0x08001d30      0x230 ./Core/Src/main.o
                0x08001d30                Handle_Command
 .text.Set_LED_By_State
                0x08001f60       0x58 ./Core/Src/main.o
                0x08001f60                Set_LED_By_State
 .text.main     0x08001fb8      0x788 ./Core/Src/main.o
                0x08001fb8                main
 .text.SystemClock_Config
                0x08002740       0x82 ./Core/Src/main.o
                0x08002740                SystemClock_Config
 *fill*         0x080027c2        0x2 
 .text.MX_I2C1_Init
                0x080027c4       0x5c ./Core/Src/main.o
 .text.MX_SPI2_Init
                0x08002820       0x6c ./Core/Src/main.o
 .text.MX_TIM1_Init
                0x0800288c      0x140 ./Core/Src/main.o
 .text.MX_TIM2_Init
                0x080029cc       0xe0 ./Core/Src/main.o
 .text.MX_TIM3_Init
                0x08002aac       0xec ./Core/Src/main.o
 .text.MX_USART2_UART_Init
                0x08002b98       0x54 ./Core/Src/main.o
 .text.MX_USART3_UART_Init
                0x08002bec       0x54 ./Core/Src/main.o
 .text.MX_DMA_Init
                0x08002c40       0x4c ./Core/Src/main.o
 .text.MX_GPIO_Init
                0x08002c8c      0x1a8 ./Core/Src/main.o
 .text.HAL_TIM_IC_CaptureCallback
                0x08002e34       0x28 ./Core/Src/main.o
                0x08002e34                HAL_TIM_IC_CaptureCallback
 .text._write   0x08002e5c       0x60 ./Core/Src/main.o
                0x08002e5c                _write
 .text.HAL_UART_ErrorCallback
                0x08002ebc       0x6c ./Core/Src/main.o
                0x08002ebc                HAL_UART_ErrorCallback
 .text.Error_Handler
                0x08002f28        0xc ./Core/Src/main.o
                0x08002f28                Error_Handler
 .text.RobotState_Init
                0x08002f34       0x18 ./Core/Src/robot_state.o
                0x08002f34                RobotState_Init
 .text.RobotState_Set
                0x08002f4c       0x20 ./Core/Src/robot_state.o
                0x08002f4c                RobotState_Set
 .text.RobotState_Get
                0x08002f6c       0x14 ./Core/Src/robot_state.o
                0x08002f6c                RobotState_Get
 .text.HAL_MspInit
                0x08002f80       0xd4 ./Core/Src/stm32f1xx_hal_msp.o
                0x08002f80                HAL_MspInit
 .text.HAL_I2C_MspInit
                0x08003054       0x7c ./Core/Src/stm32f1xx_hal_msp.o
                0x08003054                HAL_I2C_MspInit
 .text.HAL_SPI_MspInit
                0x080030d0       0xf0 ./Core/Src/stm32f1xx_hal_msp.o
                0x080030d0                HAL_SPI_MspInit
 .text.HAL_TIM_Base_MspInit
                0x080031c0       0xd8 ./Core/Src/stm32f1xx_hal_msp.o
                0x080031c0                HAL_TIM_Base_MspInit
 .text.HAL_TIM_MspPostInit
                0x08003298       0xa8 ./Core/Src/stm32f1xx_hal_msp.o
                0x08003298                HAL_TIM_MspPostInit
 .text.HAL_UART_MspInit
                0x08003340      0x1a4 ./Core/Src/stm32f1xx_hal_msp.o
                0x08003340                HAL_UART_MspInit
 .text.SPI2_IRQHandler
                0x080034e4       0x14 ./Core/Src/stm32f1xx_it.o
                0x080034e4                SPI2_IRQHandler
 .text.NMI_Handler
                0x080034f8        0x8 ./Core/Src/stm32f1xx_it.o
                0x080034f8                NMI_Handler
 .text.HardFault_Handler
                0x08003500        0x8 ./Core/Src/stm32f1xx_it.o
                0x08003500                HardFault_Handler
 .text.MemManage_Handler
                0x08003508        0x8 ./Core/Src/stm32f1xx_it.o
                0x08003508                MemManage_Handler
 .text.BusFault_Handler
                0x08003510        0x8 ./Core/Src/stm32f1xx_it.o
                0x08003510                BusFault_Handler
 .text.UsageFault_Handler
                0x08003518        0x8 ./Core/Src/stm32f1xx_it.o
                0x08003518                UsageFault_Handler
 .text.SVC_Handler
                0x08003520        0xc ./Core/Src/stm32f1xx_it.o
                0x08003520                SVC_Handler
 .text.DebugMon_Handler
                0x0800352c        0xc ./Core/Src/stm32f1xx_it.o
                0x0800352c                DebugMon_Handler
 .text.PendSV_Handler
                0x08003538        0xc ./Core/Src/stm32f1xx_it.o
                0x08003538                PendSV_Handler
 .text.SysTick_Handler
                0x08003544        0xc ./Core/Src/stm32f1xx_it.o
                0x08003544                SysTick_Handler
 .text.DMA1_Channel5_IRQHandler
                0x08003550       0x14 ./Core/Src/stm32f1xx_it.o
                0x08003550                DMA1_Channel5_IRQHandler
 .text.DMA1_Channel6_IRQHandler
                0x08003564       0x14 ./Core/Src/stm32f1xx_it.o
                0x08003564                DMA1_Channel6_IRQHandler
 .text.TIM2_IRQHandler
                0x08003578       0x14 ./Core/Src/stm32f1xx_it.o
                0x08003578                TIM2_IRQHandler
 .text.USART2_IRQHandler
                0x0800358c       0x14 ./Core/Src/stm32f1xx_it.o
                0x0800358c                USART2_IRQHandler
 .text.DMA1_Channel3_IRQHandler
                0x080035a0       0x14 ./Core/Src/stm32f1xx_it.o
                0x080035a0                DMA1_Channel3_IRQHandler
 .text.USART3_IRQHandler
                0x080035b4       0x14 ./Core/Src/stm32f1xx_it.o
                0x080035b4                USART3_IRQHandler
 .text._getpid  0x080035c8        0xe ./Core/Src/syscalls.o
                0x080035c8                _getpid
 .text._kill    0x080035d6       0x20 ./Core/Src/syscalls.o
                0x080035d6                _kill
 .text._exit    0x080035f6       0x16 ./Core/Src/syscalls.o
                0x080035f6                _exit
 .text._read    0x0800360c       0x3a ./Core/Src/syscalls.o
                0x0800360c                _read
 .text._close   0x08003646       0x16 ./Core/Src/syscalls.o
                0x08003646                _close
 .text._fstat   0x0800365c       0x1e ./Core/Src/syscalls.o
                0x0800365c                _fstat
 .text._isatty  0x0800367a       0x14 ./Core/Src/syscalls.o
                0x0800367a                _isatty
 .text._lseek   0x0800368e       0x18 ./Core/Src/syscalls.o
                0x0800368e                _lseek
 *fill*         0x080036a6        0x2 
 .text._sbrk    0x080036a8       0x6c ./Core/Src/sysmem.o
                0x080036a8                _sbrk
 .text.SystemInit
                0x08003714        0xc ./Core/Src/system_stm32f1xx.o
                0x08003714                SystemInit
 .text.UI_Init  0x08003720       0x24 ./Core/Src/ui_fsm.o
                0x08003720                UI_Init
 .text.UI_Update
                0x08003744      0x288 ./Core/Src/ui_fsm.o
                0x08003744                UI_Update
 .text.Reset_Handler
                0x080039cc       0x48 ./Core/Startup/startup_stm32f103rbtx.o
                0x080039cc                Reset_Handler
 .text.Default_Handler
                0x08003a14        0x2 ./Core/Startup/startup_stm32f103rbtx.o
                0x08003a14                RTC_Alarm_IRQHandler
                0x08003a14                EXTI2_IRQHandler
                0x08003a14                TIM1_CC_IRQHandler
                0x08003a14                PVD_IRQHandler
                0x08003a14                EXTI3_IRQHandler
                0x08003a14                EXTI0_IRQHandler
                0x08003a14                I2C2_EV_IRQHandler
                0x08003a14                ADC1_2_IRQHandler
                0x08003a14                SPI1_IRQHandler
                0x08003a14                TAMPER_IRQHandler
                0x08003a14                DMA1_Channel4_IRQHandler
                0x08003a14                RTC_IRQHandler
                0x08003a14                DMA1_Channel7_IRQHandler
                0x08003a14                CAN1_RX1_IRQHandler
                0x08003a14                TIM4_IRQHandler
                0x08003a14                I2C1_EV_IRQHandler
                0x08003a14                TIM3_IRQHandler
                0x08003a14                RCC_IRQHandler
                0x08003a14                TIM1_TRG_COM_IRQHandler
                0x08003a14                DMA1_Channel1_IRQHandler
                0x08003a14                Default_Handler
                0x08003a14                EXTI15_10_IRQHandler
                0x08003a14                EXTI9_5_IRQHandler
                0x08003a14                EXTI4_IRQHandler
                0x08003a14                USB_LP_CAN1_RX0_IRQHandler
                0x08003a14                USB_HP_CAN1_TX_IRQHandler
                0x08003a14                TIM1_UP_IRQHandler
                0x08003a14                WWDG_IRQHandler
                0x08003a14                TIM1_BRK_IRQHandler
                0x08003a14                EXTI1_IRQHandler
                0x08003a14                I2C2_ER_IRQHandler
                0x08003a14                DMA1_Channel2_IRQHandler
                0x08003a14                CAN1_SCE_IRQHandler
                0x08003a14                FLASH_IRQHandler
                0x08003a14                USART1_IRQHandler
                0x08003a14                I2C1_ER_IRQHandler
                0x08003a14                USBWakeUp_IRQHandler
 *fill*         0x08003a16        0x2 
 .text.HAL_Init
                0x08003a18       0x2c ./Drivers/STM32F1xx_HAL_Driver/Src/stm32f1xx_hal.o
                0x08003a18                HAL_Init
 .text.HAL_InitTick
                0x08003a44       0x60 ./Drivers/STM32F1xx_HAL_Driver/Src/stm32f1xx_hal.o
                0x08003a44                HAL_InitTick
 .text.HAL_IncTick
                0x08003aa4       0x24 ./Drivers/STM32F1xx_HAL_Driver/Src/stm32f1xx_hal.o
                0x08003aa4                HAL_IncTick
 .text.HAL_GetTick
                0x08003ac8       0x14 ./Drivers/STM32F1xx_HAL_Driver/Src/stm32f1xx_hal.o
                0x08003ac8                HAL_GetTick
 .text.HAL_Delay
                0x08003adc       0x48 ./Drivers/STM32F1xx_HAL_Driver/Src/stm32f1xx_hal.o
                0x08003adc                HAL_Delay
 .text.__NVIC_SetPriorityGrouping
                0x08003b24       0x48 ./Drivers/STM32F1xx_HAL_Driver/Src/stm32f1xx_hal_cortex.o
 .text.__NVIC_GetPriorityGrouping
                0x08003b6c       0x1c ./Drivers/STM32F1xx_HAL_Driver/Src/stm32f1xx_hal_cortex.o
 .text.__NVIC_EnableIRQ
                0x08003b88       0x38 ./Drivers/STM32F1xx_HAL_Driver/Src/stm32f1xx_hal_cortex.o
 .text.__NVIC_SetPriority
                0x08003bc0       0x54 ./Drivers/STM32F1xx_HAL_Driver/Src/stm32f1xx_hal_cortex.o
 .text.NVIC_EncodePriority
                0x08003c14       0x64 ./Drivers/STM32F1xx_HAL_Driver/Src/stm32f1xx_hal_cortex.o
 .text.SysTick_Config
                0x08003c78       0x44 ./Drivers/STM32F1xx_HAL_Driver/Src/stm32f1xx_hal_cortex.o
 .text.HAL_NVIC_SetPriorityGrouping
                0x08003cbc       0x16 ./Drivers/STM32F1xx_HAL_Driver/Src/stm32f1xx_hal_cortex.o
                0x08003cbc                HAL_NVIC_SetPriorityGrouping
 .text.HAL_NVIC_SetPriority
                0x08003cd2       0x38 ./Drivers/STM32F1xx_HAL_Driver/Src/stm32f1xx_hal_cortex.o
                0x08003cd2                HAL_NVIC_SetPriority
 .text.HAL_NVIC_EnableIRQ
                0x08003d0a       0x1c ./Drivers/STM32F1xx_HAL_Driver/Src/stm32f1xx_hal_cortex.o
                0x08003d0a                HAL_NVIC_EnableIRQ
 .text.HAL_SYSTICK_Config
                0x08003d26       0x18 ./Drivers/STM32F1xx_HAL_Driver/Src/stm32f1xx_hal_cortex.o
                0x08003d26                HAL_SYSTICK_Config
 *fill*         0x08003d3e        0x2 
 .text.HAL_DMA_Init
                0x08003d40       0xb4 ./Drivers/STM32F1xx_HAL_Driver/Src/stm32f1xx_hal_dma.o
                0x08003d40                HAL_DMA_Init
 .text.HAL_DMA_Start_IT
                0x08003df4       0xc0 ./Drivers/STM32F1xx_HAL_Driver/Src/stm32f1xx_hal_dma.o
                0x08003df4                HAL_DMA_Start_IT
 .text.HAL_DMA_Abort
                0x08003eb4       0x76 ./Drivers/STM32F1xx_HAL_Driver/Src/stm32f1xx_hal_dma.o
                0x08003eb4                HAL_DMA_Abort
 *fill*         0x08003f2a        0x2 
 .text.HAL_DMA_Abort_IT
                0x08003f2c       0xf0 ./Drivers/STM32F1xx_HAL_Driver/Src/stm32f1xx_hal_dma.o
                0x08003f2c                HAL_DMA_Abort_IT
 .text.HAL_DMA_IRQHandler
                0x0800401c      0x20c ./Drivers/STM32F1xx_HAL_Driver/Src/stm32f1xx_hal_dma.o
                0x0800401c                HAL_DMA_IRQHandler
 .text.DMA_SetConfig
                0x08004228       0x5a ./Drivers/STM32F1xx_HAL_Driver/Src/stm32f1xx_hal_dma.o
 *fill*         0x08004282        0x2 
 .text.HAL_GPIO_Init
                0x08004284      0x308 ./Drivers/STM32F1xx_HAL_Driver/Src/stm32f1xx_hal_gpio.o
                0x08004284                HAL_GPIO_Init
 .text.HAL_GPIO_WritePin
                0x0800458c       0x30 ./Drivers/STM32F1xx_HAL_Driver/Src/stm32f1xx_hal_gpio.o
                0x0800458c                HAL_GPIO_WritePin
 .text.HAL_I2C_Init
                0x080045bc      0x288 ./Drivers/STM32F1xx_HAL_Driver/Src/stm32f1xx_hal_i2c.o
                0x080045bc                HAL_I2C_Init
 .text.HAL_I2C_Master_Transmit
                0x08004844      0x1fc ./Drivers/STM32F1xx_HAL_Driver/Src/stm32f1xx_hal_i2c.o
                0x08004844                HAL_I2C_Master_Transmit
 .text.HAL_I2C_IsDeviceReady
                0x08004a40      0x25c ./Drivers/STM32F1xx_HAL_Driver/Src/stm32f1xx_hal_i2c.o
                0x08004a40                HAL_I2C_IsDeviceReady
 .text.I2C_MasterRequestWrite
                0x08004c9c      0x104 ./Drivers/STM32F1xx_HAL_Driver/Src/stm32f1xx_hal_i2c.o
 .text.I2C_WaitOnFlagUntilTimeout
                0x08004da0       0xf4 ./Drivers/STM32F1xx_HAL_Driver/Src/stm32f1xx_hal_i2c.o
 .text.I2C_WaitOnMasterAddressFlagUntilTimeout
                0x08004e94      0x140 ./Drivers/STM32F1xx_HAL_Driver/Src/stm32f1xx_hal_i2c.o
 .text.I2C_WaitOnTXEFlagUntilTimeout
                0x08004fd4       0x90 ./Drivers/STM32F1xx_HAL_Driver/Src/stm32f1xx_hal_i2c.o
 .text.I2C_WaitOnBTFFlagUntilTimeout
                0x08005064       0x90 ./Drivers/STM32F1xx_HAL_Driver/Src/stm32f1xx_hal_i2c.o
 .text.I2C_IsAcknowledgeFailed
                0x080050f4       0x5c ./Drivers/STM32F1xx_HAL_Driver/Src/stm32f1xx_hal_i2c.o
 .text.HAL_RCC_OscConfig
                0x08005150      0x504 ./Drivers/STM32F1xx_HAL_Driver/Src/stm32f1xx_hal_rcc.o
                0x08005150                HAL_RCC_OscConfig
 .text.HAL_RCC_ClockConfig
                0x08005654      0x1d4 ./Drivers/STM32F1xx_HAL_Driver/Src/stm32f1xx_hal_rcc.o
                0x08005654                HAL_RCC_ClockConfig
 .text.HAL_RCC_GetSysClockFreq
                0x08005828       0xa8 ./Drivers/STM32F1xx_HAL_Driver/Src/stm32f1xx_hal_rcc.o
                0x08005828                HAL_RCC_GetSysClockFreq
 .text.HAL_RCC_GetHCLKFreq
                0x080058d0       0x14 ./Drivers/STM32F1xx_HAL_Driver/Src/stm32f1xx_hal_rcc.o
                0x080058d0                HAL_RCC_GetHCLKFreq
 .text.HAL_RCC_GetPCLK1Freq
                0x080058e4       0x28 ./Drivers/STM32F1xx_HAL_Driver/Src/stm32f1xx_hal_rcc.o
                0x080058e4                HAL_RCC_GetPCLK1Freq
 .text.HAL_RCC_GetPCLK2Freq
                0x0800590c       0x28 ./Drivers/STM32F1xx_HAL_Driver/Src/stm32f1xx_hal_rcc.o
                0x0800590c                HAL_RCC_GetPCLK2Freq
 .text.RCC_Delay
                0x08005934       0x3c ./Drivers/STM32F1xx_HAL_Driver/Src/stm32f1xx_hal_rcc.o
 .text.HAL_SPI_Init
                0x08005970      0x108 ./Drivers/STM32F1xx_HAL_Driver/Src/stm32f1xx_hal_spi.o
                0x08005970                HAL_SPI_Init
 .text.HAL_SPI_Transmit
                0x08005a78      0x288 ./Drivers/STM32F1xx_HAL_Driver/Src/stm32f1xx_hal_spi.o
                0x08005a78                HAL_SPI_Transmit
 .text.HAL_SPI_IRQHandler
                0x08005d00      0x1cc ./Drivers/STM32F1xx_HAL_Driver/Src/stm32f1xx_hal_spi.o
                0x08005d00                HAL_SPI_IRQHandler
 .text.HAL_SPI_ErrorCallback
                0x08005ecc       0x12 ./Drivers/STM32F1xx_HAL_Driver/Src/stm32f1xx_hal_spi.o
                0x08005ecc                HAL_SPI_ErrorCallback
 .text.SPI_DMAAbortOnError
                0x08005ede       0x28 ./Drivers/STM32F1xx_HAL_Driver/Src/stm32f1xx_hal_spi.o
 *fill*         0x08005f06        0x2 
 .text.SPI_WaitFlagStateUntilTimeout
                0x08005f08      0x110 ./Drivers/STM32F1xx_HAL_Driver/Src/stm32f1xx_hal_spi.o
 .text.SPI_EndRxTxTransaction
                0x08006018       0x62 ./Drivers/STM32F1xx_HAL_Driver/Src/stm32f1xx_hal_spi.o
 .text.HAL_TIM_Base_Init
                0x0800607a       0x9e ./Drivers/STM32F1xx_HAL_Driver/Src/stm32f1xx_hal_tim.o
                0x0800607a                HAL_TIM_Base_Init
 .text.HAL_TIM_Base_Start
                0x08006118       0x94 ./Drivers/STM32F1xx_HAL_Driver/Src/stm32f1xx_hal_tim.o
                0x08006118                HAL_TIM_Base_Start
 .text.HAL_TIM_PWM_Init
                0x080061ac       0x9e ./Drivers/STM32F1xx_HAL_Driver/Src/stm32f1xx_hal_tim.o
                0x080061ac                HAL_TIM_PWM_Init
 .text.HAL_TIM_PWM_MspInit
                0x0800624a       0x12 ./Drivers/STM32F1xx_HAL_Driver/Src/stm32f1xx_hal_tim.o
                0x0800624a                HAL_TIM_PWM_MspInit
 .text.HAL_TIM_PWM_Start
                0x0800625c      0x144 ./Drivers/STM32F1xx_HAL_Driver/Src/stm32f1xx_hal_tim.o
                0x0800625c                HAL_TIM_PWM_Start
 .text.HAL_TIM_PWM_Stop
                0x080063a0       0xc8 ./Drivers/STM32F1xx_HAL_Driver/Src/stm32f1xx_hal_tim.o
                0x080063a0                HAL_TIM_PWM_Stop
 .text.HAL_TIM_IC_Init
                0x08006468       0x9e ./Drivers/STM32F1xx_HAL_Driver/Src/stm32f1xx_hal_tim.o
                0x08006468                HAL_TIM_IC_Init
 .text.HAL_TIM_IC_MspInit
                0x08006506       0x12 ./Drivers/STM32F1xx_HAL_Driver/Src/stm32f1xx_hal_tim.o
                0x08006506                HAL_TIM_IC_MspInit
 .text.HAL_TIM_IC_Start_IT
                0x08006518      0x218 ./Drivers/STM32F1xx_HAL_Driver/Src/stm32f1xx_hal_tim.o
                0x08006518                HAL_TIM_IC_Start_IT
 .text.HAL_TIM_IRQHandler
                0x08006730      0x1e0 ./Drivers/STM32F1xx_HAL_Driver/Src/stm32f1xx_hal_tim.o
                0x08006730                HAL_TIM_IRQHandler
 .text.HAL_TIM_IC_ConfigChannel
                0x08006910      0x138 ./Drivers/STM32F1xx_HAL_Driver/Src/stm32f1xx_hal_tim.o
                0x08006910                HAL_TIM_IC_ConfigChannel
 .text.HAL_TIM_PWM_ConfigChannel
                0x08006a48      0x184 ./Drivers/STM32F1xx_HAL_Driver/Src/stm32f1xx_hal_tim.o
                0x08006a48                HAL_TIM_PWM_ConfigChannel
 .text.HAL_TIM_ConfigClockSource
                0x08006bcc      0x18e ./Drivers/STM32F1xx_HAL_Driver/Src/stm32f1xx_hal_tim.o
                0x08006bcc                HAL_TIM_ConfigClockSource
 *fill*         0x08006d5a        0x2 
 .text.HAL_TIM_ReadCapturedValue
                0x08006d5c       0x88 ./Drivers/STM32F1xx_HAL_Driver/Src/stm32f1xx_hal_tim.o
                0x08006d5c                HAL_TIM_ReadCapturedValue
 .text.HAL_TIM_PeriodElapsedCallback
                0x08006de4       0x12 ./Drivers/STM32F1xx_HAL_Driver/Src/stm32f1xx_hal_tim.o
                0x08006de4                HAL_TIM_PeriodElapsedCallback
 .text.HAL_TIM_OC_DelayElapsedCallback
                0x08006df6       0x12 ./Drivers/STM32F1xx_HAL_Driver/Src/stm32f1xx_hal_tim.o
                0x08006df6                HAL_TIM_OC_DelayElapsedCallback
 .text.HAL_TIM_PWM_PulseFinishedCallback
                0x08006e08       0x12 ./Drivers/STM32F1xx_HAL_Driver/Src/stm32f1xx_hal_tim.o
                0x08006e08                HAL_TIM_PWM_PulseFinishedCallback
 .text.HAL_TIM_TriggerCallback
                0x08006e1a       0x12 ./Drivers/STM32F1xx_HAL_Driver/Src/stm32f1xx_hal_tim.o
                0x08006e1a                HAL_TIM_TriggerCallback
 .text.TIM_Base_SetConfig
                0x08006e2c       0xdc ./Drivers/STM32F1xx_HAL_Driver/Src/stm32f1xx_hal_tim.o
                0x08006e2c                TIM_Base_SetConfig
 .text.TIM_OC1_SetConfig
                0x08006f08       0xcc ./Drivers/STM32F1xx_HAL_Driver/Src/stm32f1xx_hal_tim.o
 .text.TIM_OC2_SetConfig
                0x08006fd4       0xd4 ./Drivers/STM32F1xx_HAL_Driver/Src/stm32f1xx_hal_tim.o
                0x08006fd4                TIM_OC2_SetConfig
 .text.TIM_OC3_SetConfig
                0x080070a8       0xd4 ./Drivers/STM32F1xx_HAL_Driver/Src/stm32f1xx_hal_tim.o
 .text.TIM_OC4_SetConfig
                0x0800717c       0x9c ./Drivers/STM32F1xx_HAL_Driver/Src/stm32f1xx_hal_tim.o
 .text.TIM_TI1_SetConfig
                0x08007218       0xb4 ./Drivers/STM32F1xx_HAL_Driver/Src/stm32f1xx_hal_tim.o
                0x08007218                TIM_TI1_SetConfig
 .text.TIM_TI1_ConfigInputStage
                0x080072cc       0x5c ./Drivers/STM32F1xx_HAL_Driver/Src/stm32f1xx_hal_tim.o
 .text.TIM_TI2_SetConfig
                0x08007328       0x78 ./Drivers/STM32F1xx_HAL_Driver/Src/stm32f1xx_hal_tim.o
 .text.TIM_TI2_ConfigInputStage
                0x080073a0       0x5e ./Drivers/STM32F1xx_HAL_Driver/Src/stm32f1xx_hal_tim.o
 .text.TIM_TI3_SetConfig
                0x080073fe       0x76 ./Drivers/STM32F1xx_HAL_Driver/Src/stm32f1xx_hal_tim.o
 .text.TIM_TI4_SetConfig
                0x08007474       0x78 ./Drivers/STM32F1xx_HAL_Driver/Src/stm32f1xx_hal_tim.o
 .text.TIM_ITRx_SetConfig
                0x080074ec       0x34 ./Drivers/STM32F1xx_HAL_Driver/Src/stm32f1xx_hal_tim.o
 .text.TIM_ETR_SetConfig
                0x08007520       0x3e ./Drivers/STM32F1xx_HAL_Driver/Src/stm32f1xx_hal_tim.o
                0x08007520                TIM_ETR_SetConfig
 .text.TIM_CCxChannelCmd
                0x0800755e       0x48 ./Drivers/STM32F1xx_HAL_Driver/Src/stm32f1xx_hal_tim.o
                0x0800755e                TIM_CCxChannelCmd
 *fill*         0x080075a6        0x2 
 .text.HAL_TIMEx_MasterConfigSynchronization
                0x080075a8       0xbc ./Drivers/STM32F1xx_HAL_Driver/Src/stm32f1xx_hal_tim_ex.o
                0x080075a8                HAL_TIMEx_MasterConfigSynchronization
 .text.HAL_TIMEx_ConfigBreakDeadTime
                0x08007664       0xa2 ./Drivers/STM32F1xx_HAL_Driver/Src/stm32f1xx_hal_tim_ex.o
                0x08007664                HAL_TIMEx_ConfigBreakDeadTime
 .text.HAL_TIMEx_CommutCallback
                0x08007706       0x12 ./Drivers/STM32F1xx_HAL_Driver/Src/stm32f1xx_hal_tim_ex.o
                0x08007706                HAL_TIMEx_CommutCallback
 .text.HAL_TIMEx_BreakCallback
                0x08007718       0x12 ./Drivers/STM32F1xx_HAL_Driver/Src/stm32f1xx_hal_tim_ex.o
                0x08007718                HAL_TIMEx_BreakCallback
 .text.HAL_UART_Init
                0x0800772a       0xa0 ./Drivers/STM32F1xx_HAL_Driver/Src/stm32f1xx_hal_uart.o
                0x0800772a                HAL_UART_Init
 .text.HAL_UART_Transmit
                0x080077ca      0x116 ./Drivers/STM32F1xx_HAL_Driver/Src/stm32f1xx_hal_uart.o
                0x080077ca                HAL_UART_Transmit
 .text.HAL_UART_Receive_DMA
                0x080078e0       0x4a ./Drivers/STM32F1xx_HAL_Driver/Src/stm32f1xx_hal_uart.o
                0x080078e0                HAL_UART_Receive_DMA
 *fill*         0x0800792a        0x2 
 .text.HAL_UART_IRQHandler
                0x0800792c      0x524 ./Drivers/STM32F1xx_HAL_Driver/Src/stm32f1xx_hal_uart.o
                0x0800792c                HAL_UART_IRQHandler
 .text.HAL_UART_TxCpltCallback
                0x08007e50       0x12 ./Drivers/STM32F1xx_HAL_Driver/Src/stm32f1xx_hal_uart.o
                0x08007e50                HAL_UART_TxCpltCallback
 .text.HAL_UART_RxCpltCallback
                0x08007e62       0x12 ./Drivers/STM32F1xx_HAL_Driver/Src/stm32f1xx_hal_uart.o
                0x08007e62                HAL_UART_RxCpltCallback
 .text.HAL_UART_RxHalfCpltCallback
                0x08007e74       0x12 ./Drivers/STM32F1xx_HAL_Driver/Src/stm32f1xx_hal_uart.o
                0x08007e74                HAL_UART_RxHalfCpltCallback
 .text.HAL_UARTEx_RxEventCallback
                0x08007e86       0x16 ./Drivers/STM32F1xx_HAL_Driver/Src/stm32f1xx_hal_uart.o
                0x08007e86                HAL_UARTEx_RxEventCallback
 .text.HAL_UART_GetError
                0x08007e9c       0x16 ./Drivers/STM32F1xx_HAL_Driver/Src/stm32f1xx_hal_uart.o
                0x08007e9c                HAL_UART_GetError
 .text.UART_DMAReceiveCplt
                0x08007eb2      0x12c ./Drivers/STM32F1xx_HAL_Driver/Src/stm32f1xx_hal_uart.o
 .text.UART_DMARxHalfCplt
                0x08007fde       0x3c ./Drivers/STM32F1xx_HAL_Driver/Src/stm32f1xx_hal_uart.o
 .text.UART_DMAError
                0x0800801a       0x94 ./Drivers/STM32F1xx_HAL_Driver/Src/stm32f1xx_hal_uart.o
 .text.UART_WaitOnFlagUntilTimeout
                0x080080ae       0xb2 ./Drivers/STM32F1xx_HAL_Driver/Src/stm32f1xx_hal_uart.o
 .text.UART_Start_Receive_DMA
                0x08008160      0x134 ./Drivers/STM32F1xx_HAL_Driver/Src/stm32f1xx_hal_uart.o
                0x08008160                UART_Start_Receive_DMA
 .text.UART_EndTxTransfer
                0x08008294       0x4e ./Drivers/STM32F1xx_HAL_Driver/Src/stm32f1xx_hal_uart.o
 .text.UART_EndRxTransfer
                0x080082e2       0xc4 ./Drivers/STM32F1xx_HAL_Driver/Src/stm32f1xx_hal_uart.o
 .text.UART_DMAAbortOnError
                0x080083a6       0x28 ./Drivers/STM32F1xx_HAL_Driver/Src/stm32f1xx_hal_uart.o
 .text.UART_Transmit_IT
                0x080083ce       0x9e ./Drivers/STM32F1xx_HAL_Driver/Src/stm32f1xx_hal_uart.o
 .text.UART_EndTransmit_IT
                0x0800846c       0x30 ./Drivers/STM32F1xx_HAL_Driver/Src/stm32f1xx_hal_uart.o
 .text.UART_Receive_IT
                0x0800849c      0x17c ./Drivers/STM32F1xx_HAL_Driver/Src/stm32f1xx_hal_uart.o
 .text.UART_SetConfig
                0x08008618      0x11c ./Drivers/STM32F1xx_HAL_Driver/Src/stm32f1xx_hal_uart.o
 .text.srand    0x08008734       0x5c C:/ST/STM32CubeIDE_1.18.1/STM32CubeIDE/plugins/com.st.stm32cube.ide.mcu.externaltools.gnu-tools-for-stm32.13.3.rel1.win32_1.0.0.202411081344/tools/bin/../lib/gcc/arm-none-eabi/13.3.1/../../../../arm-none-eabi/lib/thumb/v7-m/nofp\libc_nano.a(libc_a-rand.o)
                0x08008734                srand
 .text.rand     0x08008790       0x7c C:/ST/STM32CubeIDE_1.18.1/STM32CubeIDE/plugins/com.st.stm32cube.ide.mcu.externaltools.gnu-tools-for-stm32.13.3.rel1.win32_1.0.0.202411081344/tools/bin/../lib/gcc/arm-none-eabi/13.3.1/../../../../arm-none-eabi/lib/thumb/v7-m/nofp\libc_nano.a(libc_a-rand.o)
                0x08008790                rand
 .text.std      0x0800880c       0x6c C:/ST/STM32CubeIDE_1.18.1/STM32CubeIDE/plugins/com.st.stm32cube.ide.mcu.externaltools.gnu-tools-for-stm32.13.3.rel1.win32_1.0.0.202411081344/tools/bin/../lib/gcc/arm-none-eabi/13.3.1/../../../../arm-none-eabi/lib/thumb/v7-m/nofp\libc_nano.a(libc_a-findfp.o)
 .text.stdio_exit_handler
                0x08008878       0x18 C:/ST/STM32CubeIDE_1.18.1/STM32CubeIDE/plugins/com.st.stm32cube.ide.mcu.externaltools.gnu-tools-for-stm32.13.3.rel1.win32_1.0.0.202411081344/tools/bin/../lib/gcc/arm-none-eabi/13.3.1/../../../../arm-none-eabi/lib/thumb/v7-m/nofp\libc_nano.a(libc_a-findfp.o)
 .text.cleanup_stdio
                0x08008890       0x40 C:/ST/STM32CubeIDE_1.18.1/STM32CubeIDE/plugins/com.st.stm32cube.ide.mcu.externaltools.gnu-tools-for-stm32.13.3.rel1.win32_1.0.0.202411081344/tools/bin/../lib/gcc/arm-none-eabi/13.3.1/../../../../arm-none-eabi/lib/thumb/v7-m/nofp\libc_nano.a(libc_a-findfp.o)
 .text.global_stdio_init.part.0
                0x080088d0       0x3c C:/ST/STM32CubeIDE_1.18.1/STM32CubeIDE/plugins/com.st.stm32cube.ide.mcu.externaltools.gnu-tools-for-stm32.13.3.rel1.win32_1.0.0.202411081344/tools/bin/../lib/gcc/arm-none-eabi/13.3.1/../../../../arm-none-eabi/lib/thumb/v7-m/nofp\libc_nano.a(libc_a-findfp.o)
 .text.__sfp_lock_acquire
                0x0800890c        0xc C:/ST/STM32CubeIDE_1.18.1/STM32CubeIDE/plugins/com.st.stm32cube.ide.mcu.externaltools.gnu-tools-for-stm32.13.3.rel1.win32_1.0.0.202411081344/tools/bin/../lib/gcc/arm-none-eabi/13.3.1/../../../../arm-none-eabi/lib/thumb/v7-m/nofp\libc_nano.a(libc_a-findfp.o)
                0x0800890c                __sfp_lock_acquire
 .text.__sfp_lock_release
                0x08008918        0xc C:/ST/STM32CubeIDE_1.18.1/STM32CubeIDE/plugins/com.st.stm32cube.ide.mcu.externaltools.gnu-tools-for-stm32.13.3.rel1.win32_1.0.0.202411081344/tools/bin/../lib/gcc/arm-none-eabi/13.3.1/../../../../arm-none-eabi/lib/thumb/v7-m/nofp\libc_nano.a(libc_a-findfp.o)
                0x08008918                __sfp_lock_release
 .text.__sinit  0x08008924       0x30 C:/ST/STM32CubeIDE_1.18.1/STM32CubeIDE/plugins/com.st.stm32cube.ide.mcu.externaltools.gnu-tools-for-stm32.13.3.rel1.win32_1.0.0.202411081344/tools/bin/../lib/gcc/arm-none-eabi/13.3.1/../../../../arm-none-eabi/lib/thumb/v7-m/nofp\libc_nano.a(libc_a-findfp.o)
                0x08008924                __sinit
 .text._fwalk_sglue
                0x08008954       0x3c C:/ST/STM32CubeIDE_1.18.1/STM32CubeIDE/plugins/com.st.stm32cube.ide.mcu.externaltools.gnu-tools-for-stm32.13.3.rel1.win32_1.0.0.202411081344/tools/bin/../lib/gcc/arm-none-eabi/13.3.1/../../../../arm-none-eabi/lib/thumb/v7-m/nofp\libc_nano.a(libc_a-fwalk.o)
                0x08008954                _fwalk_sglue
 .text.printf   0x08008990       0x24 C:/ST/STM32CubeIDE_1.18.1/STM32CubeIDE/plugins/com.st.stm32cube.ide.mcu.externaltools.gnu-tools-for-stm32.13.3.rel1.win32_1.0.0.202411081344/tools/bin/../lib/gcc/arm-none-eabi/13.3.1/../../../../arm-none-eabi/lib/thumb/v7-m/nofp\libc_nano.a(libc_a-printf.o)
                0x08008990                iprintf
                0x08008990                printf
 .text._puts_r  0x080089b4       0xaa C:/ST/STM32CubeIDE_1.18.1/STM32CubeIDE/plugins/com.st.stm32cube.ide.mcu.externaltools.gnu-tools-for-stm32.13.3.rel1.win32_1.0.0.202411081344/tools/bin/../lib/gcc/arm-none-eabi/13.3.1/../../../../arm-none-eabi/lib/thumb/v7-m/nofp\libc_nano.a(libc_a-puts.o)
                0x080089b4                _puts_r
 *fill*         0x08008a5e        0x2 
 .text.puts     0x08008a60       0x10 C:/ST/STM32CubeIDE_1.18.1/STM32CubeIDE/plugins/com.st.stm32cube.ide.mcu.externaltools.gnu-tools-for-stm32.13.3.rel1.win32_1.0.0.202411081344/tools/bin/../lib/gcc/arm-none-eabi/13.3.1/../../../../arm-none-eabi/lib/thumb/v7-m/nofp\libc_nano.a(libc_a-puts.o)
                0x08008a60                puts
 .text.snprintf
                0x08008a70       0x6c C:/ST/STM32CubeIDE_1.18.1/STM32CubeIDE/plugins/com.st.stm32cube.ide.mcu.externaltools.gnu-tools-for-stm32.13.3.rel1.win32_1.0.0.202411081344/tools/bin/../lib/gcc/arm-none-eabi/13.3.1/../../../../arm-none-eabi/lib/thumb/v7-m/nofp\libc_nano.a(libc_a-snprintf.o)
                0x08008a70                sniprintf
                0x08008a70                snprintf
 .text.__sread  0x08008adc       0x22 C:/ST/STM32CubeIDE_1.18.1/STM32CubeIDE/plugins/com.st.stm32cube.ide.mcu.externaltools.gnu-tools-for-stm32.13.3.rel1.win32_1.0.0.202411081344/tools/bin/../lib/gcc/arm-none-eabi/13.3.1/../../../../arm-none-eabi/lib/thumb/v7-m/nofp\libc_nano.a(libc_a-stdio.o)
                0x08008adc                __sread
 .text.__swrite
                0x08008afe       0x38 C:/ST/STM32CubeIDE_1.18.1/STM32CubeIDE/plugins/com.st.stm32cube.ide.mcu.externaltools.gnu-tools-for-stm32.13.3.rel1.win32_1.0.0.202411081344/tools/bin/../lib/gcc/arm-none-eabi/13.3.1/../../../../arm-none-eabi/lib/thumb/v7-m/nofp\libc_nano.a(libc_a-stdio.o)
                0x08008afe                __swrite
 .text.__sseek  0x08008b36       0x24 C:/ST/STM32CubeIDE_1.18.1/STM32CubeIDE/plugins/com.st.stm32cube.ide.mcu.externaltools.gnu-tools-for-stm32.13.3.rel1.win32_1.0.0.202411081344/tools/bin/../lib/gcc/arm-none-eabi/13.3.1/../../../../arm-none-eabi/lib/thumb/v7-m/nofp\libc_nano.a(libc_a-stdio.o)
                0x08008b36                __sseek
 .text.__sclose
                0x08008b5a        0x8 C:/ST/STM32CubeIDE_1.18.1/STM32CubeIDE/plugins/com.st.stm32cube.ide.mcu.externaltools.gnu-tools-for-stm32.13.3.rel1.win32_1.0.0.202411081344/tools/bin/../lib/gcc/arm-none-eabi/13.3.1/../../../../arm-none-eabi/lib/thumb/v7-m/nofp\libc_nano.a(libc_a-stdio.o)
                0x08008b5a                __sclose
 .text.__swbuf_r
                0x08008b62       0x7c C:/ST/STM32CubeIDE_1.18.1/STM32CubeIDE/plugins/com.st.stm32cube.ide.mcu.externaltools.gnu-tools-for-stm32.13.3.rel1.win32_1.0.0.202411081344/tools/bin/../lib/gcc/arm-none-eabi/13.3.1/../../../../arm-none-eabi/lib/thumb/v7-m/nofp\libc_nano.a(libc_a-wbuf.o)
                0x08008b62                __swbuf_r
 *fill*         0x08008bde        0x2 
 .text.__swsetup_r
                0x08008be0       0xac C:/ST/STM32CubeIDE_1.18.1/STM32CubeIDE/plugins/com.st.stm32cube.ide.mcu.externaltools.gnu-tools-for-stm32.13.3.rel1.win32_1.0.0.202411081344/tools/bin/../lib/gcc/arm-none-eabi/13.3.1/../../../../arm-none-eabi/lib/thumb/v7-m/nofp\libc_nano.a(libc_a-wsetup.o)
                0x08008be0                __swsetup_r
 .text.memset   0x08008c8c       0x10 C:/ST/STM32CubeIDE_1.18.1/STM32CubeIDE/plugins/com.st.stm32cube.ide.mcu.externaltools.gnu-tools-for-stm32.13.3.rel1.win32_1.0.0.202411081344/tools/bin/../lib/gcc/arm-none-eabi/13.3.1/../../../../arm-none-eabi/lib/thumb/v7-m/nofp\libc_nano.a(libc_a-memset.o)
                0x08008c8c                memset
 .text._close_r
                0x08008c9c       0x20 C:/ST/STM32CubeIDE_1.18.1/STM32CubeIDE/plugins/com.st.stm32cube.ide.mcu.externaltools.gnu-tools-for-stm32.13.3.rel1.win32_1.0.0.202411081344/tools/bin/../lib/gcc/arm-none-eabi/13.3.1/../../../../arm-none-eabi/lib/thumb/v7-m/nofp\libc_nano.a(libc_a-closer.o)
                0x08008c9c                _close_r
 .text._lseek_r
                0x08008cbc       0x24 C:/ST/STM32CubeIDE_1.18.1/STM32CubeIDE/plugins/com.st.stm32cube.ide.mcu.externaltools.gnu-tools-for-stm32.13.3.rel1.win32_1.0.0.202411081344/tools/bin/../lib/gcc/arm-none-eabi/13.3.1/../../../../arm-none-eabi/lib/thumb/v7-m/nofp\libc_nano.a(libc_a-lseekr.o)
                0x08008cbc                _lseek_r
 .text._read_r  0x08008ce0       0x24 C:/ST/STM32CubeIDE_1.18.1/STM32CubeIDE/plugins/com.st.stm32cube.ide.mcu.externaltools.gnu-tools-for-stm32.13.3.rel1.win32_1.0.0.202411081344/tools/bin/../lib/gcc/arm-none-eabi/13.3.1/../../../../arm-none-eabi/lib/thumb/v7-m/nofp\libc_nano.a(libc_a-readr.o)
                0x08008ce0                _read_r
 .text._write_r
                0x08008d04       0x24 C:/ST/STM32CubeIDE_1.18.1/STM32CubeIDE/plugins/com.st.stm32cube.ide.mcu.externaltools.gnu-tools-for-stm32.13.3.rel1.win32_1.0.0.202411081344/tools/bin/../lib/gcc/arm-none-eabi/13.3.1/../../../../arm-none-eabi/lib/thumb/v7-m/nofp\libc_nano.a(libc_a-writer.o)
                0x08008d04                _write_r
 .text.__errno  0x08008d28        0xc C:/ST/STM32CubeIDE_1.18.1/STM32CubeIDE/plugins/com.st.stm32cube.ide.mcu.externaltools.gnu-tools-for-stm32.13.3.rel1.win32_1.0.0.202411081344/tools/bin/../lib/gcc/arm-none-eabi/13.3.1/../../../../arm-none-eabi/lib/thumb/v7-m/nofp\libc_nano.a(libc_a-errno.o)
                0x08008d28                __errno
 .text.__libc_init_array
                0x08008d34       0x48 C:/ST/STM32CubeIDE_1.18.1/STM32CubeIDE/plugins/com.st.stm32cube.ide.mcu.externaltools.gnu-tools-for-stm32.13.3.rel1.win32_1.0.0.202411081344/tools/bin/../lib/gcc/arm-none-eabi/13.3.1/../../../../arm-none-eabi/lib/thumb/v7-m/nofp\libc_nano.a(libc_a-init.o)
                0x08008d34                __libc_init_array
 .text.__retarget_lock_init_recursive
                0x08008d7c        0x2 C:/ST/STM32CubeIDE_1.18.1/STM32CubeIDE/plugins/com.st.stm32cube.ide.mcu.externaltools.gnu-tools-for-stm32.13.3.rel1.win32_1.0.0.202411081344/tools/bin/../lib/gcc/arm-none-eabi/13.3.1/../../../../arm-none-eabi/lib/thumb/v7-m/nofp\libc_nano.a(libc_a-lock.o)
                0x08008d7c                __retarget_lock_init_recursive
 .text.__retarget_lock_acquire_recursive
                0x08008d7e        0x2 C:/ST/STM32CubeIDE_1.18.1/STM32CubeIDE/plugins/com.st.stm32cube.ide.mcu.externaltools.gnu-tools-for-stm32.13.3.rel1.win32_1.0.0.202411081344/tools/bin/../lib/gcc/arm-none-eabi/13.3.1/../../../../arm-none-eabi/lib/thumb/v7-m/nofp\libc_nano.a(libc_a-lock.o)
                0x08008d7e                __retarget_lock_acquire_recursive
 .text.__retarget_lock_release_recursive
                0x08008d80        0x2 C:/ST/STM32CubeIDE_1.18.1/STM32CubeIDE/plugins/com.st.stm32cube.ide.mcu.externaltools.gnu-tools-for-stm32.13.3.rel1.win32_1.0.0.202411081344/tools/bin/../lib/gcc/arm-none-eabi/13.3.1/../../../../arm-none-eabi/lib/thumb/v7-m/nofp\libc_nano.a(libc_a-lock.o)
                0x08008d80                __retarget_lock_release_recursive
 .text.strcpy   0x08008d82       0x10 C:/ST/STM32CubeIDE_1.18.1/STM32CubeIDE/plugins/com.st.stm32cube.ide.mcu.externaltools.gnu-tools-for-stm32.13.3.rel1.win32_1.0.0.202411081344/tools/bin/../lib/gcc/arm-none-eabi/13.3.1/../../../../arm-none-eabi/lib/thumb/v7-m/nofp\libc_nano.a(libc_a-strcpy.o)
                0x08008d82                strcpy
 *fill*         0x08008d92        0x2 
 .text.__assert_func
                0x08008d94       0x3c C:/ST/STM32CubeIDE_1.18.1/STM32CubeIDE/plugins/com.st.stm32cube.ide.mcu.externaltools.gnu-tools-for-stm32.13.3.rel1.win32_1.0.0.202411081344/tools/bin/../lib/gcc/arm-none-eabi/13.3.1/../../../../arm-none-eabi/lib/thumb/v7-m/nofp\libc_nano.a(libc_a-assert.o)
                0x08008d94                __assert_func
 .text._free_r  0x08008dd0       0x90 C:/ST/STM32CubeIDE_1.18.1/STM32CubeIDE/plugins/com.st.stm32cube.ide.mcu.externaltools.gnu-tools-for-stm32.13.3.rel1.win32_1.0.0.202411081344/tools/bin/../lib/gcc/arm-none-eabi/13.3.1/../../../../arm-none-eabi/lib/thumb/v7-m/nofp\libc_nano.a(libc_a-freer.o)
                0x08008dd0                _free_r
 .text.malloc   0x08008e60       0x10 C:/ST/STM32CubeIDE_1.18.1/STM32CubeIDE/plugins/com.st.stm32cube.ide.mcu.externaltools.gnu-tools-for-stm32.13.3.rel1.win32_1.0.0.202411081344/tools/bin/../lib/gcc/arm-none-eabi/13.3.1/../../../../arm-none-eabi/lib/thumb/v7-m/nofp\libc_nano.a(libc_a-malloc.o)
                0x08008e60                malloc
 .text.sbrk_aligned
                0x08008e70       0x44 C:/ST/STM32CubeIDE_1.18.1/STM32CubeIDE/plugins/com.st.stm32cube.ide.mcu.externaltools.gnu-tools-for-stm32.13.3.rel1.win32_1.0.0.202411081344/tools/bin/../lib/gcc/arm-none-eabi/13.3.1/../../../../arm-none-eabi/lib/thumb/v7-m/nofp\libc_nano.a(libc_a-mallocr.o)
 .text._malloc_r
                0x08008eb4      0x100 C:/ST/STM32CubeIDE_1.18.1/STM32CubeIDE/plugins/com.st.stm32cube.ide.mcu.externaltools.gnu-tools-for-stm32.13.3.rel1.win32_1.0.0.202411081344/tools/bin/../lib/gcc/arm-none-eabi/13.3.1/../../../../arm-none-eabi/lib/thumb/v7-m/nofp\libc_nano.a(libc_a-mallocr.o)
                0x08008eb4                _malloc_r
 .text.__malloc_lock
                0x08008fb4        0xc C:/ST/STM32CubeIDE_1.18.1/STM32CubeIDE/plugins/com.st.stm32cube.ide.mcu.externaltools.gnu-tools-for-stm32.13.3.rel1.win32_1.0.0.202411081344/tools/bin/../lib/gcc/arm-none-eabi/13.3.1/../../../../arm-none-eabi/lib/thumb/v7-m/nofp\libc_nano.a(libc_a-mlock.o)
                0x08008fb4                __malloc_lock
 .text.__malloc_unlock
                0x08008fc0        0xc C:/ST/STM32CubeIDE_1.18.1/STM32CubeIDE/plugins/com.st.stm32cube.ide.mcu.externaltools.gnu-tools-for-stm32.13.3.rel1.win32_1.0.0.202411081344/tools/bin/../lib/gcc/arm-none-eabi/13.3.1/../../../../arm-none-eabi/lib/thumb/v7-m/nofp\libc_nano.a(libc_a-mlock.o)
                0x08008fc0                __malloc_unlock
 .text.__ssputs_r
                0x08008fcc       0xb6 C:/ST/STM32CubeIDE_1.18.1/STM32CubeIDE/plugins/com.st.stm32cube.ide.mcu.externaltools.gnu-tools-for-stm32.13.3.rel1.win32_1.0.0.202411081344/tools/bin/../lib/gcc/arm-none-eabi/13.3.1/../../../../arm-none-eabi/lib/thumb/v7-m/nofp\libc_nano.a(libc_a-nano-svfprintf.o)
                0x08008fcc                __ssputs_r
 *fill*         0x08009082        0x2 
 .text._svfprintf_r
                0x08009084      0x1f8 C:/ST/STM32CubeIDE_1.18.1/STM32CubeIDE/plugins/com.st.stm32cube.ide.mcu.externaltools.gnu-tools-for-stm32.13.3.rel1.win32_1.0.0.202411081344/tools/bin/../lib/gcc/arm-none-eabi/13.3.1/../../../../arm-none-eabi/lib/thumb/v7-m/nofp\libc_nano.a(libc_a-nano-svfprintf.o)
                0x08009084                _svfiprintf_r
                0x08009084                _svfprintf_r
 .text.__sfputc_r
                0x0800927c       0x2a C:/ST/STM32CubeIDE_1.18.1/STM32CubeIDE/plugins/com.st.stm32cube.ide.mcu.externaltools.gnu-tools-for-stm32.13.3.rel1.win32_1.0.0.202411081344/tools/bin/../lib/gcc/arm-none-eabi/13.3.1/../../../../arm-none-eabi/lib/thumb/v7-m/nofp\libc_nano.a(libc_a-nano-vfprintf.o)
 .text.__sfputs_r
                0x080092a6       0x24 C:/ST/STM32CubeIDE_1.18.1/STM32CubeIDE/plugins/com.st.stm32cube.ide.mcu.externaltools.gnu-tools-for-stm32.13.3.rel1.win32_1.0.0.202411081344/tools/bin/../lib/gcc/arm-none-eabi/13.3.1/../../../../arm-none-eabi/lib/thumb/v7-m/nofp\libc_nano.a(libc_a-nano-vfprintf.o)
                0x080092a6                __sfputs_r
 *fill*         0x080092ca        0x2 
 .text._vfprintf_r
                0x080092cc      0x230 C:/ST/STM32CubeIDE_1.18.1/STM32CubeIDE/plugins/com.st.stm32cube.ide.mcu.externaltools.gnu-tools-for-stm32.13.3.rel1.win32_1.0.0.202411081344/tools/bin/../lib/gcc/arm-none-eabi/13.3.1/../../../../arm-none-eabi/lib/thumb/v7-m/nofp\libc_nano.a(libc_a-nano-vfprintf.o)
                0x080092cc                _vfprintf_r
                0x080092cc                _vfiprintf_r
 .text._printf_common
                0x080094fc       0xe4 C:/ST/STM32CubeIDE_1.18.1/STM32CubeIDE/plugins/com.st.stm32cube.ide.mcu.externaltools.gnu-tools-for-stm32.13.3.rel1.win32_1.0.0.202411081344/tools/bin/../lib/gcc/arm-none-eabi/13.3.1/../../../../arm-none-eabi/lib/thumb/v7-m/nofp\libc_nano.a(libc_a-nano-vfprintf_i.o)
                0x080094fc                _printf_common
 .text._printf_i
                0x080095e0      0x23c C:/ST/STM32CubeIDE_1.18.1/STM32CubeIDE/plugins/com.st.stm32cube.ide.mcu.externaltools.gnu-tools-for-stm32.13.3.rel1.win32_1.0.0.202411081344/tools/bin/../lib/gcc/arm-none-eabi/13.3.1/../../../../arm-none-eabi/lib/thumb/v7-m/nofp\libc_nano.a(libc_a-nano-vfprintf_i.o)
                0x080095e0                _printf_i
 .text.__sflush_r
                0x0800981c      0x100 C:/ST/STM32CubeIDE_1.18.1/STM32CubeIDE/plugins/com.st.stm32cube.ide.mcu.externaltools.gnu-tools-for-stm32.13.3.rel1.win32_1.0.0.202411081344/tools/bin/../lib/gcc/arm-none-eabi/13.3.1/../../../../arm-none-eabi/lib/thumb/v7-m/nofp\libc_nano.a(libc_a-fflush.o)
                0x0800981c                __sflush_r
 .text._fflush_r
                0x0800991c       0x50 C:/ST/STM32CubeIDE_1.18.1/STM32CubeIDE/plugins/com.st.stm32cube.ide.mcu.externaltools.gnu-tools-for-stm32.13.3.rel1.win32_1.0.0.202411081344/tools/bin/../lib/gcc/arm-none-eabi/13.3.1/../../../../arm-none-eabi/lib/thumb/v7-m/nofp\libc_nano.a(libc_a-fflush.o)
                0x0800991c                _fflush_r
 .text.fprintf  0x0800996c       0x24 C:/ST/STM32CubeIDE_1.18.1/STM32CubeIDE/plugins/com.st.stm32cube.ide.mcu.externaltools.gnu-tools-for-stm32.13.3.rel1.win32_1.0.0.202411081344/tools/bin/../lib/gcc/arm-none-eabi/13.3.1/../../../../arm-none-eabi/lib/thumb/v7-m/nofp\libc_nano.a(libc_a-fprintf.o)
                0x0800996c                fiprintf
                0x0800996c                fprintf
 .text.__swhatbuf_r
                0x08009990       0x4a C:/ST/STM32CubeIDE_1.18.1/STM32CubeIDE/plugins/com.st.stm32cube.ide.mcu.externaltools.gnu-tools-for-stm32.13.3.rel1.win32_1.0.0.202411081344/tools/bin/../lib/gcc/arm-none-eabi/13.3.1/../../../../arm-none-eabi/lib/thumb/v7-m/nofp\libc_nano.a(libc_a-makebuf.o)
                0x08009990                __swhatbuf_r
 .text.__smakebuf_r
                0x080099da       0x78 C:/ST/STM32CubeIDE_1.18.1/STM32CubeIDE/plugins/com.st.stm32cube.ide.mcu.externaltools.gnu-tools-for-stm32.13.3.rel1.win32_1.0.0.202411081344/tools/bin/../lib/gcc/arm-none-eabi/13.3.1/../../../../arm-none-eabi/lib/thumb/v7-m/nofp\libc_nano.a(libc_a-makebuf.o)
                0x080099da                __smakebuf_r
 .text.memmove  0x08009a52       0x34 C:/ST/STM32CubeIDE_1.18.1/STM32CubeIDE/plugins/com.st.stm32cube.ide.mcu.externaltools.gnu-tools-for-stm32.13.3.rel1.win32_1.0.0.202411081344/tools/bin/../lib/gcc/arm-none-eabi/13.3.1/../../../../arm-none-eabi/lib/thumb/v7-m/nofp\libc_nano.a(libc_a-memmove.o)
                0x08009a52                memmove
 *fill*         0x08009a86        0x2 
 .text._fstat_r
                0x08009a88       0x24 C:/ST/STM32CubeIDE_1.18.1/STM32CubeIDE/plugins/com.st.stm32cube.ide.mcu.externaltools.gnu-tools-for-stm32.13.3.rel1.win32_1.0.0.202411081344/tools/bin/../lib/gcc/arm-none-eabi/13.3.1/../../../../arm-none-eabi/lib/thumb/v7-m/nofp\libc_nano.a(libc_a-fstatr.o)
                0x08009a88                _fstat_r
 .text._isatty_r
                0x08009aac       0x20 C:/ST/STM32CubeIDE_1.18.1/STM32CubeIDE/plugins/com.st.stm32cube.ide.mcu.externaltools.gnu-tools-for-stm32.13.3.rel1.win32_1.0.0.202411081344/tools/bin/../lib/gcc/arm-none-eabi/13.3.1/../../../../arm-none-eabi/lib/thumb/v7-m/nofp\libc_nano.a(libc_a-isattyr.o)
                0x08009aac                _isatty_r
 .text._sbrk_r  0x08009acc       0x20 C:/ST/STM32CubeIDE_1.18.1/STM32CubeIDE/plugins/com.st.stm32cube.ide.mcu.externaltools.gnu-tools-for-stm32.13.3.rel1.win32_1.0.0.202411081344/tools/bin/../lib/gcc/arm-none-eabi/13.3.1/../../../../arm-none-eabi/lib/thumb/v7-m/nofp\libc_nano.a(libc_a-sbrkr.o)
                0x08009acc                _sbrk_r
 .text.memchr   0x08009aec       0x1c C:/ST/STM32CubeIDE_1.18.1/STM32CubeIDE/plugins/com.st.stm32cube.ide.mcu.externaltools.gnu-tools-for-stm32.13.3.rel1.win32_1.0.0.202411081344/tools/bin/../lib/gcc/arm-none-eabi/13.3.1/../../../../arm-none-eabi/lib/thumb/v7-m/nofp\libc_nano.a(libc_a-memchr-stub.o)
                0x08009aec                memchr
 .text.memcpy   0x08009b08       0x1c C:/ST/STM32CubeIDE_1.18.1/STM32CubeIDE/plugins/com.st.stm32cube.ide.mcu.externaltools.gnu-tools-for-stm32.13.3.rel1.win32_1.0.0.202411081344/tools/bin/../lib/gcc/arm-none-eabi/13.3.1/../../../../arm-none-eabi/lib/thumb/v7-m/nofp\libc_nano.a(libc_a-memcpy-stub.o)
                0x08009b08                memcpy
 .text.abort    0x08009b24        0xe C:/ST/STM32CubeIDE_1.18.1/STM32CubeIDE/plugins/com.st.stm32cube.ide.mcu.externaltools.gnu-tools-for-stm32.13.3.rel1.win32_1.0.0.202411081344/tools/bin/../lib/gcc/arm-none-eabi/13.3.1/../../../../arm-none-eabi/lib/thumb/v7-m/nofp\libc_nano.a(libc_a-abort.o)
                0x08009b24                abort
 .text._realloc_r
                0x08009b32       0x5c C:/ST/STM32CubeIDE_1.18.1/STM32CubeIDE/plugins/com.st.stm32cube.ide.mcu.externaltools.gnu-tools-for-stm32.13.3.rel1.win32_1.0.0.202411081344/tools/bin/../lib/gcc/arm-none-eabi/13.3.1/../../../../arm-none-eabi/lib/thumb/v7-m/nofp\libc_nano.a(libc_a-reallocr.o)
                0x08009b32                _realloc_r
 .text._raise_r
                0x08009b8e       0x50 C:/ST/STM32CubeIDE_1.18.1/STM32CubeIDE/plugins/com.st.stm32cube.ide.mcu.externaltools.gnu-tools-for-stm32.13.3.rel1.win32_1.0.0.202411081344/tools/bin/../lib/gcc/arm-none-eabi/13.3.1/../../../../arm-none-eabi/lib/thumb/v7-m/nofp\libc_nano.a(libc_a-signal.o)
                0x08009b8e                _raise_r
 *fill*         0x08009bde        0x2 
 .text.raise    0x08009be0       0x10 C:/ST/STM32CubeIDE_1.18.1/STM32CubeIDE/plugins/com.st.stm32cube.ide.mcu.externaltools.gnu-tools-for-stm32.13.3.rel1.win32_1.0.0.202411081344/tools/bin/../lib/gcc/arm-none-eabi/13.3.1/../../../../arm-none-eabi/lib/thumb/v7-m/nofp\libc_nano.a(libc_a-signal.o)
                0x08009be0                raise
 .text._kill_r  0x08009bf0       0x24 C:/ST/STM32CubeIDE_1.18.1/STM32CubeIDE/plugins/com.st.stm32cube.ide.mcu.externaltools.gnu-tools-for-stm32.13.3.rel1.win32_1.0.0.202411081344/tools/bin/../lib/gcc/arm-none-eabi/13.3.1/../../../../arm-none-eabi/lib/thumb/v7-m/nofp\libc_nano.a(libc_a-signalr.o)
                0x08009bf0                _kill_r
 .text._getpid_r
                0x08009c14        0x4 C:/ST/STM32CubeIDE_1.18.1/STM32CubeIDE/plugins/com.st.stm32cube.ide.mcu.externaltools.gnu-tools-for-stm32.13.3.rel1.win32_1.0.0.202411081344/tools/bin/../lib/gcc/arm-none-eabi/13.3.1/../../../../arm-none-eabi/lib/thumb/v7-m/nofp\libc_nano.a(libc_a-signalr.o)
                0x08009c14                _getpid_r
 .text._malloc_usable_size_r
                0x08009c18       0x10 C:/ST/STM32CubeIDE_1.18.1/STM32CubeIDE/plugins/com.st.stm32cube.ide.mcu.externaltools.gnu-tools-for-stm32.13.3.rel1.win32_1.0.0.202411081344/tools/bin/../lib/gcc/arm-none-eabi/13.3.1/../../../../arm-none-eabi/lib/thumb/v7-m/nofp\libc_nano.a(libc_a-msizer.o)
                0x08009c18                _malloc_usable_size_r
 *(.glue_7)
 .glue_7        0x08009c28        0x0 linker stubs
 *(.glue_7t)
 .glue_7t       0x08009c28        0x0 linker stubs
 *(.eh_frame)
 .eh_frame      0x08009c28        0x0 C:/ST/STM32CubeIDE_1.18.1/STM32CubeIDE/plugins/com.st.stm32cube.ide.mcu.externaltools.gnu-tools-for-stm32.13.3.rel1.win32_1.0.0.202411081344/tools/bin/../lib/gcc/arm-none-eabi/13.3.1/thumb/v7-m/nofp/crtbegin.o
 *(.init)
 .init          0x08009c28        0x4 C:/ST/STM32CubeIDE_1.18.1/STM32CubeIDE/plugins/com.st.stm32cube.ide.mcu.externaltools.gnu-tools-for-stm32.13.3.rel1.win32_1.0.0.202411081344/tools/bin/../lib/gcc/arm-none-eabi/13.3.1/thumb/v7-m/nofp/crti.o
                0x08009c28                _init
 .init          0x08009c2c        0x8 C:/ST/STM32CubeIDE_1.18.1/STM32CubeIDE/plugins/com.st.stm32cube.ide.mcu.externaltools.gnu-tools-for-stm32.13.3.rel1.win32_1.0.0.202411081344/tools/bin/../lib/gcc/arm-none-eabi/13.3.1/thumb/v7-m/nofp/crtn.o
 *(.fini)
 .fini          0x08009c34        0x4 C:/ST/STM32CubeIDE_1.18.1/STM32CubeIDE/plugins/com.st.stm32cube.ide.mcu.externaltools.gnu-tools-for-stm32.13.3.rel1.win32_1.0.0.202411081344/tools/bin/../lib/gcc/arm-none-eabi/13.3.1/thumb/v7-m/nofp/crti.o
                0x08009c34                _fini
 .fini          0x08009c38        0x8 C:/ST/STM32CubeIDE_1.18.1/STM32CubeIDE/plugins/com.st.stm32cube.ide.mcu.externaltools.gnu-tools-for-stm32.13.3.rel1.win32_1.0.0.202411081344/tools/bin/../lib/gcc/arm-none-eabi/13.3.1/thumb/v7-m/nofp/crtn.o
                0x08009c40                        . = ALIGN (0x4)
                0x08009c40                        _etext = .

.vfp11_veneer   0x08009c40        0x0
 .vfp11_veneer  0x08009c40        0x0 linker stubs

.v4_bx          0x08009c40        0x0
 .v4_bx         0x08009c40        0x0 linker stubs

.iplt           0x08009c40        0x0
 .iplt          0x08009c40        0x0 C:/ST/STM32CubeIDE_1.18.1/STM32CubeIDE/plugins/com.st.stm32cube.ide.mcu.externaltools.gnu-tools-for-stm32.13.3.rel1.win32_1.0.0.202411081344/tools/bin/../lib/gcc/arm-none-eabi/13.3.1/thumb/v7-m/nofp/crtbegin.o

.rodata         0x08009c40      0x508
                0x08009c40                        . = ALIGN (0x4)
 *(.rodata)
 .rodata        0x08009c40      0x1b1 ./Core/Src/main.o
 *fill*         0x08009df1        0x3 
 .rodata        0x08009df4      0x110 ./Core/Src/ui_fsm.o
 *(.rodata*)
 .rodata.mario_theme
                0x08009f04       0x90 ./Core/Src/drivers/buzzer.o
 .rodata.alert_melody
                0x08009f94       0x18 ./Core/Src/drivers/buzzer.o
 .rodata.stop_melody
                0x08009fac       0x18 ./Core/Src/drivers/buzzer.o
 .rodata.reset_melody
                0x08009fc4       0x18 ./Core/Src/drivers/buzzer.o
 .rodata.elise_melody
                0x08009fdc       0x28 ./Core/Src/drivers/buzzer.o
 .rodata.ok_melody
                0x0800a004       0x14 ./Core/Src/drivers/buzzer.o
 .rodata.idle_ping_melody
                0x0800a018       0x28 ./Core/Src/drivers/buzzer.o
 .rodata.AHBPrescTable
                0x0800a040       0x10 ./Core/Src/system_stm32f1xx.o
                0x0800a040                AHBPrescTable
 .rodata.APBPrescTable
                0x0800a050        0x8 ./Core/Src/system_stm32f1xx.o
                0x0800a050                APBPrescTable
 .rodata.aPLLMULFactorTable.1
                0x0800a058       0x10 ./Drivers/STM32F1xx_HAL_Driver/Src/stm32f1xx_hal_rcc.o
 .rodata.aPredivFactorTable.0
                0x0800a068        0x2 ./Drivers/STM32F1xx_HAL_Driver/Src/stm32f1xx_hal_rcc.o
 .rodata.srand.str1.1
                0x0800a06a       0xde C:/ST/STM32CubeIDE_1.18.1/STM32CubeIDE/plugins/com.st.stm32cube.ide.mcu.externaltools.gnu-tools-for-stm32.13.3.rel1.win32_1.0.0.202411081344/tools/bin/../lib/gcc/arm-none-eabi/13.3.1/../../../../arm-none-eabi/lib/thumb/v7-m/nofp\libc_nano.a(libc_a-rand.o)
                                 0x6f (size before relaxing)
 .rodata.__assert_func.str1.1
                0x0800a148       0x3d C:/ST/STM32CubeIDE_1.18.1/STM32CubeIDE/plugins/com.st.stm32cube.ide.mcu.externaltools.gnu-tools-for-stm32.13.3.rel1.win32_1.0.0.202411081344/tools/bin/../lib/gcc/arm-none-eabi/13.3.1/../../../../arm-none-eabi/lib/thumb/v7-m/nofp\libc_nano.a(libc_a-assert.o)
 .rodata._svfprintf_r.str1.1
                0x0800a148       0x11 C:/ST/STM32CubeIDE_1.18.1/STM32CubeIDE/plugins/com.st.stm32cube.ide.mcu.externaltools.gnu-tools-for-stm32.13.3.rel1.win32_1.0.0.202411081344/tools/bin/../lib/gcc/arm-none-eabi/13.3.1/../../../../arm-none-eabi/lib/thumb/v7-m/nofp\libc_nano.a(libc_a-nano-svfprintf.o)
 .rodata._vfprintf_r.str1.1
                0x0800a148       0x11 C:/ST/STM32CubeIDE_1.18.1/STM32CubeIDE/plugins/com.st.stm32cube.ide.mcu.externaltools.gnu-tools-for-stm32.13.3.rel1.win32_1.0.0.202411081344/tools/bin/../lib/gcc/arm-none-eabi/13.3.1/../../../../arm-none-eabi/lib/thumb/v7-m/nofp\libc_nano.a(libc_a-nano-vfprintf.o)
 .rodata._printf_i.str1.1
                0x0800a148       0x22 C:/ST/STM32CubeIDE_1.18.1/STM32CubeIDE/plugins/com.st.stm32cube.ide.mcu.externaltools.gnu-tools-for-stm32.13.3.rel1.win32_1.0.0.202411081344/tools/bin/../lib/gcc/arm-none-eabi/13.3.1/../../../../arm-none-eabi/lib/thumb/v7-m/nofp\libc_nano.a(libc_a-nano-vfprintf_i.o)
                0x0800a188                        . = ALIGN (0x4)

.ARM.extab      0x0800a148        0x0
                0x0800a148                        . = ALIGN (0x4)
 *(.ARM.extab* .gnu.linkonce.armextab.*)
                0x0800a148                        . = ALIGN (0x4)

.ARM            0x0800a148        0x8
                0x0800a148                        . = ALIGN (0x4)
                0x0800a148                        __exidx_start = .
 *(.ARM.exidx*)
 .ARM.exidx     0x0800a148        0x8 C:/ST/STM32CubeIDE_1.18.1/STM32CubeIDE/plugins/com.st.stm32cube.ide.mcu.externaltools.gnu-tools-for-stm32.13.3.rel1.win32_1.0.0.202411081344/tools/bin/../lib/gcc/arm-none-eabi/13.3.1/../../../../arm-none-eabi/lib/thumb/v7-m/nofp\libc_nano.a(libc_a-strcmp.o)
                0x0800a150                        __exidx_end = .
                0x0800a150                        . = ALIGN (0x4)

.preinit_array  0x0800a150        0x0
                0x0800a150                        . = ALIGN (0x4)
                0x0800a150                        PROVIDE (__preinit_array_start = .)
 *(.preinit_array*)
                0x0800a150                        PROVIDE (__preinit_array_end = .)
                0x0800a150                        . = ALIGN (0x4)

.init_array     0x0800a150        0x4
                0x0800a150                        . = ALIGN (0x4)
                0x0800a150                        PROVIDE (__init_array_start = .)
 *(SORT_BY_NAME(.init_array.*))
 *(.init_array*)
 .init_array    0x0800a150        0x4 C:/ST/STM32CubeIDE_1.18.1/STM32CubeIDE/plugins/com.st.stm32cube.ide.mcu.externaltools.gnu-tools-for-stm32.13.3.rel1.win32_1.0.0.202411081344/tools/bin/../lib/gcc/arm-none-eabi/13.3.1/thumb/v7-m/nofp/crtbegin.o
                0x0800a154                        PROVIDE (__init_array_end = .)
                0x0800a154                        . = ALIGN (0x4)

.fini_array     0x0800a154        0x4
                0x0800a154                        . = ALIGN (0x4)
                [!provide]                        PROVIDE (__fini_array_start = .)
 *(SORT_BY_NAME(.fini_array.*))
 *(.fini_array*)
 .fini_array    0x0800a154        0x4 C:/ST/STM32CubeIDE_1.18.1/STM32CubeIDE/plugins/com.st.stm32cube.ide.mcu.externaltools.gnu-tools-for-stm32.13.3.rel1.win32_1.0.0.202411081344/tools/bin/../lib/gcc/arm-none-eabi/13.3.1/thumb/v7-m/nofp/crtbegin.o
                [!provide]                        PROVIDE (__fini_array_end = .)
                0x0800a158                        . = ALIGN (0x4)
                0x0800a158                        _sidata = LOADADDR (.data)

.rel.dyn        0x0800a158        0x0
 .rel.iplt      0x0800a158        0x0 C:/ST/STM32CubeIDE_1.18.1/STM32CubeIDE/plugins/com.st.stm32cube.ide.mcu.externaltools.gnu-tools-for-stm32.13.3.rel1.win32_1.0.0.202411081344/tools/bin/../lib/gcc/arm-none-eabi/13.3.1/thumb/v7-m/nofp/crtbegin.o

.data           0x20000000       0x7c load address 0x0800a158
                0x20000000                        . = ALIGN (0x4)
                0x20000000                        _sdata = .
 *(.data)
 *(.data*)
 .data.next_blink_interval
                0x20000000        0x4 ./Core/Src/drivers/anim.o
 .data.blink_duration
                0x20000004        0x4 ./Core/Src/drivers/anim.o
 .data.dirty    0x20000008        0x1 ./Core/Src/drivers/eyes.o
 .data.scan_dir
                0x20000009        0x1 ./Core/Src/main.o
                0x20000009                scan_dir
 .data.scan_angle
                0x2000000a        0x1 ./Core/Src/main.o
                0x2000000a                scan_angle
 *fill*         0x2000000b        0x1 
 .data.min_dist
                0x2000000c        0x2 ./Core/Src/main.o
                0x2000000c                min_dist
 .data.min_angle
                0x2000000e        0x1 ./Core/Src/main.o
                0x2000000e                min_angle
 *fill*         0x2000000f        0x1 
 .data.last_valid_dist
                0x20000010        0x2 ./Core/Src/main.o
                0x20000010                last_valid_dist
 *fill*         0x20000012        0x2 
 .data.SystemCoreClock
                0x20000014        0x4 ./Core/Src/system_stm32f1xx.o
                0x20000014                SystemCoreClock
 .data.uwTickPrio
                0x20000018        0x4 ./Drivers/STM32F1xx_HAL_Driver/Src/stm32f1xx_hal.o
                0x20000018                uwTickPrio
 .data.uwTickFreq
                0x2000001c        0x1 ./Drivers/STM32F1xx_HAL_Driver/Src/stm32f1xx_hal.o
                0x2000001c                uwTickFreq
 *fill*         0x2000001d        0x3 
 .data.__sglue  0x20000020        0xc C:/ST/STM32CubeIDE_1.18.1/STM32CubeIDE/plugins/com.st.stm32cube.ide.mcu.externaltools.gnu-tools-for-stm32.13.3.rel1.win32_1.0.0.202411081344/tools/bin/../lib/gcc/arm-none-eabi/13.3.1/../../../../arm-none-eabi/lib/thumb/v7-m/nofp\libc_nano.a(libc_a-findfp.o)
                0x20000020                __sglue
 .data._impure_ptr
                0x2000002c        0x4 C:/ST/STM32CubeIDE_1.18.1/STM32CubeIDE/plugins/com.st.stm32cube.ide.mcu.externaltools.gnu-tools-for-stm32.13.3.rel1.win32_1.0.0.202411081344/tools/bin/../lib/gcc/arm-none-eabi/13.3.1/../../../../arm-none-eabi/lib/thumb/v7-m/nofp\libc_nano.a(libc_a-impure.o)
                0x2000002c                _impure_ptr
 .data._impure_data
                0x20000030       0x4c C:/ST/STM32CubeIDE_1.18.1/STM32CubeIDE/plugins/com.st.stm32cube.ide.mcu.externaltools.gnu-tools-for-stm32.13.3.rel1.win32_1.0.0.202411081344/tools/bin/../lib/gcc/arm-none-eabi/13.3.1/../../../../arm-none-eabi/lib/thumb/v7-m/nofp\libc_nano.a(libc_a-impure.o)
                0x20000030                _impure_data
 *(.RamFunc)
 *(.RamFunc*)
                0x2000007c                        . = ALIGN (0x4)
                0x2000007c                        _edata = .

.igot.plt       0x2000007c        0x0 load address 0x0800a1d4
 .igot.plt      0x2000007c        0x0 C:/ST/STM32CubeIDE_1.18.1/STM32CubeIDE/plugins/com.st.stm32cube.ide.mcu.externaltools.gnu-tools-for-stm32.13.3.rel1.win32_1.0.0.202411081344/tools/bin/../lib/gcc/arm-none-eabi/13.3.1/thumb/v7-m/nofp/crtbegin.o
                0x2000007c                        . = ALIGN (0x4)

.bss            0x2000007c      0x798 load address 0x0800a1d4
                0x2000007c                        _sbss = .
                0x2000007c                        __bss_start__ = _sbss
 *(.bss)
 .bss           0x2000007c       0x1c C:/ST/STM32CubeIDE_1.18.1/STM32CubeIDE/plugins/com.st.stm32cube.ide.mcu.externaltools.gnu-tools-for-stm32.13.3.rel1.win32_1.0.0.202411081344/tools/bin/../lib/gcc/arm-none-eabi/13.3.1/thumb/v7-m/nofp/crtbegin.o
 *(.bss*)
 .bss.last_blink_time
                0x20000098        0x4 ./Core/Src/drivers/anim.o
 .bss.is_blinking
                0x2000009c        0x1 ./Core/Src/drivers/anim.o
 .bss.saved_expr
                0x2000009d        0x1 ./Core/Src/drivers/anim.o
 *fill*         0x2000009e        0x2 
 .bss.buzzer_tim
                0x200000a0        0x4 ./Core/Src/drivers/buzzer.o
 .bss.buzzer_channel
                0x200000a4        0x4 ./Core/Src/drivers/buzzer.o
 .bss.current_melody
                0x200000a8        0x4 ./Core/Src/drivers/buzzer.o
 .bss.melody_length
                0x200000ac        0x2 ./Core/Src/drivers/buzzer.o
 .bss.melody_index
                0x200000ae        0x2 ./Core/Src/drivers/buzzer.o
 .bss.buzzer_state
                0x200000b0        0x1 ./Core/Src/drivers/buzzer.o
 *fill*         0x200000b1        0x3 
 .bss.buzzer_tick
                0x200000b4        0x4 ./Core/Src/drivers/buzzer.o
 .bss.current_expr
                0x200000b8        0x1 ./Core/Src/drivers/eyes.o
 *fill*         0x200000b9        0x3 
 .bss.lastTick.0
                0x200000bc        0x4 ./Core/Src/drivers/eyes.o
 .bss.spi_dma_busy
                0x200000c0        0x1 ./Core/Src/drivers/lcd_st7735.o
                0x200000c0                spi_dma_busy
 .bss.spi_busy  0x200000c1        0x1 ./Core/Src/drivers/lcd_st7735.o
                0x200000c1                spi_busy
 *fill*         0x200000c2        0x2 
 .bss.tx_buf    0x200000c4       0x80 ./Core/Src/drivers/lcd_st7735.o
 .bss.servo_tim
                0x20000144        0x4 ./Core/Src/drivers/servo.o
 .bss.servo_channel
                0x20000148        0x4 ./Core/Src/drivers/servo.o
 .bss.ic_val1   0x2000014c        0x4 ./Core/Src/drivers/ultrasonic.o
 .bss.ic_val2   0x20000150        0x4 ./Core/Src/drivers/ultrasonic.o
 .bss.ic_state  0x20000154        0x1 ./Core/Src/drivers/ultrasonic.o
 *fill*         0x20000155        0x1 
 .bss.distance_cm
                0x20000156        0x2 ./Core/Src/drivers/ultrasonic.o
 .bss.distance_ready
                0x20000158        0x1 ./Core/Src/drivers/ultrasonic.o
 *fill*         0x20000159        0x3 
 .bss.hi2c1     0x2000015c       0x54 ./Core/Src/main.o
                0x2000015c                hi2c1
 .bss.hspi2     0x200001b0       0x58 ./Core/Src/main.o
                0x200001b0                hspi2
 .bss.hdma_spi2_tx
                0x20000208       0x44 ./Core/Src/main.o
                0x20000208                hdma_spi2_tx
 .bss.htim1     0x2000024c       0x48 ./Core/Src/main.o
                0x2000024c                htim1
 .bss.htim2     0x20000294       0x48 ./Core/Src/main.o
                0x20000294                htim2
 .bss.htim3     0x200002dc       0x48 ./Core/Src/main.o
                0x200002dc                htim3
 .bss.huart2    0x20000324       0x48 ./Core/Src/main.o
                0x20000324                huart2
 .bss.huart3    0x2000036c       0x48 ./Core/Src/main.o
                0x2000036c                huart3
 .bss.hdma_usart2_rx
                0x200003b4       0x44 ./Core/Src/main.o
                0x200003b4                hdma_usart2_rx
 .bss.hdma_usart3_rx
                0x200003f8       0x44 ./Core/Src/main.o
                0x200003f8                hdma_usart3_rx
 .bss.uart2_rx_buf
                0x2000043c      0x100 ./Core/Src/main.o
                0x2000043c                uart2_rx_buf
 .bss.uart2_old_pos
                0x2000053c        0x2 ./Core/Src/main.o
                0x2000053c                uart2_old_pos
 *fill*         0x2000053e        0x2 
 .bss.uart3_rx_buf
                0x20000540      0x100 ./Core/Src/main.o
                0x20000540                uart3_rx_buf
 .bss.uart3_old_pos
                0x20000640        0x2 ./Core/Src/main.o
                0x20000640                uart3_old_pos
 *fill*         0x20000642        0x2 
 .bss.delay     0x20000644        0x4 ./Core/Src/main.o
                0x20000644                delay
 .bss.value     0x20000648        0x4 ./Core/Src/main.o
                0x20000648                value
 .bss.prevState
                0x2000064c        0x1 ./Core/Src/main.o
 *fill*         0x2000064d        0x3 
 .bss.last_scan_tick
                0x20000650        0x4 ./Core/Src/main.o
                0x20000650                last_scan_tick
 .bss.start_flag
                0x20000654        0x1 ./Core/Src/main.o
                0x20000654                start_flag
 .bss.manual_mode
                0x20000655        0x1 ./Core/Src/main.o
                0x20000655                manual_mode
 .bss.manual_command
                0x20000656        0x1 ./Core/Src/main.o
                0x20000656                manual_command
 *fill*         0x20000657        0x1 
 .bss.g_distance
                0x20000658        0x2 ./Core/Src/main.o
                0x20000658                g_distance
 *fill*         0x2000065a        0x2 
 .bss.debug_tick
                0x2000065c        0x4 ./Core/Src/main.o
                0x2000065c                debug_tick
 .bss.last_ping_time
                0x20000660        0x4 ./Core/Src/main.o
 .bss.next_ping_interval
                0x20000664        0x4 ./Core/Src/main.o
 .bss.echo_start_time
                0x20000668        0x4 ./Core/Src/main.o
 .bss.servo_moving
                0x2000066c        0x1 ./Core/Src/main.o
                0x2000066c                servo_moving
 *fill*         0x2000066d        0x3 
 .bss.servo_move_tick
                0x20000670        0x4 ./Core/Src/main.o
                0x20000670                servo_move_tick
 .bss.ui_tick.6
                0x20000674        0x4 ./Core/Src/main.o
 .bss.ui_busy.5
                0x20000678        0x1 ./Core/Src/main.o
 *fill*         0x20000679        0x3 
 .bss.anim_tick.4
                0x2000067c        0x4 ./Core/Src/main.o
 .bss.reverse_blink_tick.3
                0x20000680        0x4 ./Core/Src/main.o
 .bss.reverse_blink_tick.2
                0x20000684        0x4 ./Core/Src/main.o
 .bss.avoiding.1
                0x20000688        0x1 ./Core/Src/main.o
 *fill*         0x20000689        0x3 
 .bss.avoid_start.0
                0x2000068c        0x4 ./Core/Src/main.o
 .bss.currentState
                0x20000690        0x1 ./Core/Src/robot_state.o
 *fill*         0x20000691        0x3 
 .bss.__sbrk_heap_end
                0x20000694        0x4 ./Core/Src/sysmem.o
 .bss.prev_state
                0x20000698        0x1 ./Core/Src/ui_fsm.o
 *fill*         0x20000699        0x3 
 .bss.prev1     0x2000069c       0x11 ./Core/Src/ui_fsm.o
 *fill*         0x200006ad        0x3 
 .bss.prev2     0x200006b0       0x11 ./Core/Src/ui_fsm.o
 *fill*         0x200006c1        0x3 
 .bss.uwTick    0x200006c4        0x4 ./Drivers/STM32F1xx_HAL_Driver/Src/stm32f1xx_hal.o
                0x200006c4                uwTick
 .bss.__sf      0x200006c8      0x138 C:/ST/STM32CubeIDE_1.18.1/STM32CubeIDE/plugins/com.st.stm32cube.ide.mcu.externaltools.gnu-tools-for-stm32.13.3.rel1.win32_1.0.0.202411081344/tools/bin/../lib/gcc/arm-none-eabi/13.3.1/../../../../arm-none-eabi/lib/thumb/v7-m/nofp\libc_nano.a(libc_a-findfp.o)
                0x200006c8                __sf
 .bss.__stdio_exit_handler
                0x20000800        0x4 C:/ST/STM32CubeIDE_1.18.1/STM32CubeIDE/plugins/com.st.stm32cube.ide.mcu.externaltools.gnu-tools-for-stm32.13.3.rel1.win32_1.0.0.202411081344/tools/bin/../lib/gcc/arm-none-eabi/13.3.1/../../../../arm-none-eabi/lib/thumb/v7-m/nofp\libc_nano.a(libc_a-findfp.o)
                0x20000800                __stdio_exit_handler
 .bss.errno     0x20000804        0x4 C:/ST/STM32CubeIDE_1.18.1/STM32CubeIDE/plugins/com.st.stm32cube.ide.mcu.externaltools.gnu-tools-for-stm32.13.3.rel1.win32_1.0.0.202411081344/tools/bin/../lib/gcc/arm-none-eabi/13.3.1/../../../../arm-none-eabi/lib/thumb/v7-m/nofp\libc_nano.a(libc_a-reent.o)
                0x20000804                errno
 .bss.__lock___malloc_recursive_mutex
                0x20000808        0x1 C:/ST/STM32CubeIDE_1.18.1/STM32CubeIDE/plugins/com.st.stm32cube.ide.mcu.externaltools.gnu-tools-for-stm32.13.3.rel1.win32_1.0.0.202411081344/tools/bin/../lib/gcc/arm-none-eabi/13.3.1/../../../../arm-none-eabi/lib/thumb/v7-m/nofp\libc_nano.a(libc_a-lock.o)
                0x20000808                __lock___malloc_recursive_mutex
 .bss.__lock___sfp_recursive_mutex
                0x20000809        0x1 C:/ST/STM32CubeIDE_1.18.1/STM32CubeIDE/plugins/com.st.stm32cube.ide.mcu.externaltools.gnu-tools-for-stm32.13.3.rel1.win32_1.0.0.202411081344/tools/bin/../lib/gcc/arm-none-eabi/13.3.1/../../../../arm-none-eabi/lib/thumb/v7-m/nofp\libc_nano.a(libc_a-lock.o)
                0x20000809                __lock___sfp_recursive_mutex
 *fill*         0x2000080a        0x2 
 .bss.__malloc_sbrk_start
                0x2000080c        0x4 C:/ST/STM32CubeIDE_1.18.1/STM32CubeIDE/plugins/com.st.stm32cube.ide.mcu.externaltools.gnu-tools-for-stm32.13.3.rel1.win32_1.0.0.202411081344/tools/bin/../lib/gcc/arm-none-eabi/13.3.1/../../../../arm-none-eabi/lib/thumb/v7-m/nofp\libc_nano.a(libc_a-mallocr.o)
                0x2000080c                __malloc_sbrk_start
 .bss.__malloc_free_list
                0x20000810        0x4 C:/ST/STM32CubeIDE_1.18.1/STM32CubeIDE/plugins/com.st.stm32cube.ide.mcu.externaltools.gnu-tools-for-stm32.13.3.rel1.win32_1.0.0.202411081344/tools/bin/../lib/gcc/arm-none-eabi/13.3.1/../../../../arm-none-eabi/lib/thumb/v7-m/nofp\libc_nano.a(libc_a-mallocr.o)
                0x20000810                __malloc_free_list
 *(COMMON)
                0x20000814                        . = ALIGN (0x4)
                0x20000814                        _ebss = .
                0x20000814                        __bss_end__ = _ebss

._user_heap_stack
                0x20000814      0x604 load address 0x0800a1d4
                0x20000818                        . = ALIGN (0x8)
 *fill*         0x20000814        0x4 
                [!provide]                        PROVIDE (end = .)
                0x20000818                        PROVIDE (_end = .)
                0x20000a18                        . = (. + _Min_Heap_Size)
 *fill*         0x20000818      0x200 
                0x20000e18                        . = (. + _Min_Stack_Size)
 *fill*         0x20000a18      0x400 
                0x20000e18                        . = ALIGN (0x8)

/DISCARD/
 libc.a(*)
 libm.a(*)
 libgcc.a(*)

.ARM.attributes
                0x00000000       0x29
 *(.ARM.attributes)
 .ARM.attributes
                0x00000000       0x1d C:/ST/STM32CubeIDE_1.18.1/STM32CubeIDE/plugins/com.st.stm32cube.ide.mcu.externaltools.gnu-tools-for-stm32.13.3.rel1.win32_1.0.0.202411081344/tools/bin/../lib/gcc/arm-none-eabi/13.3.1/thumb/v7-m/nofp/crti.o
 .ARM.attributes
                0x0000001d       0x2d C:/ST/STM32CubeIDE_1.18.1/STM32CubeIDE/plugins/com.st.stm32cube.ide.mcu.externaltools.gnu-tools-for-stm32.13.3.rel1.win32_1.0.0.202411081344/tools/bin/../lib/gcc/arm-none-eabi/13.3.1/thumb/v7-m/nofp/crtbegin.o
 .ARM.attributes
                0x0000004a       0x2d ./Core/Src/drivers/anim.o
 .ARM.attributes
                0x00000077       0x2d ./Core/Src/drivers/buzzer.o
 .ARM.attributes
                0x000000a4       0x2d ./Core/Src/drivers/eyes.o
 .ARM.attributes
                0x000000d1       0x2d ./Core/Src/drivers/lcd_gfx.o
 .ARM.attributes
                0x000000fe       0x2d ./Core/Src/drivers/lcd_st7735.o
 .ARM.attributes
                0x0000012b       0x2d ./Core/Src/drivers/motor.o
 .ARM.attributes
                0x00000158       0x2d ./Core/Src/drivers/rgb_led.o
 .ARM.attributes
                0x00000185       0x2d ./Core/Src/drivers/servo.o
 .ARM.attributes
                0x000001b2       0x2d ./Core/Src/drivers/ultrasonic.o
 .ARM.attributes
                0x000001df       0x2d ./Core/Src/main.o
 .ARM.attributes
                0x0000020c       0x2d ./Core/Src/robot_state.o
 .ARM.attributes
                0x00000239       0x2d ./Core/Src/stm32f1xx_hal_msp.o
 .ARM.attributes
                0x00000266       0x2d ./Core/Src/stm32f1xx_it.o
 .ARM.attributes
                0x00000293       0x2d ./Core/Src/syscalls.o
 .ARM.attributes
                0x000002c0       0x2d ./Core/Src/sysmem.o
 .ARM.attributes
                0x000002ed       0x2d ./Core/Src/system_stm32f1xx.o
 .ARM.attributes
                0x0000031a       0x2d ./Core/Src/ui_fsm.o
 .ARM.attributes
                0x00000347       0x21 ./Core/Startup/startup_stm32f103rbtx.o
 .ARM.attributes
                0x00000368       0x2d ./Drivers/STM32F1xx_HAL_Driver/Src/stm32f1xx_hal.o
 .ARM.attributes
                0x00000395       0x2d ./Drivers/STM32F1xx_HAL_Driver/Src/stm32f1xx_hal_cortex.o
 .ARM.attributes
                0x000003c2       0x2d ./Drivers/STM32F1xx_HAL_Driver/Src/stm32f1xx_hal_dma.o
 .ARM.attributes
                0x000003ef       0x2d ./Drivers/STM32F1xx_HAL_Driver/Src/stm32f1xx_hal_gpio.o
 .ARM.attributes
                0x0000041c       0x2d ./Drivers/STM32F1xx_HAL_Driver/Src/stm32f1xx_hal_i2c.o
 .ARM.attributes
                0x00000449       0x2d ./Drivers/STM32F1xx_HAL_Driver/Src/stm32f1xx_hal_rcc.o
 .ARM.attributes
                0x00000476       0x2d ./Drivers/STM32F1xx_HAL_Driver/Src/stm32f1xx_hal_spi.o
 .ARM.attributes
                0x000004a3       0x2d ./Drivers/STM32F1xx_HAL_Driver/Src/stm32f1xx_hal_tim.o
 .ARM.attributes
                0x000004d0       0x2d ./Drivers/STM32F1xx_HAL_Driver/Src/stm32f1xx_hal_tim_ex.o
 .ARM.attributes
                0x000004fd       0x2d ./Drivers/STM32F1xx_HAL_Driver/Src/stm32f1xx_hal_uart.o
 .ARM.attributes
                0x0000052a       0x2d C:/ST/STM32CubeIDE_1.18.1/STM32CubeIDE/plugins/com.st.stm32cube.ide.mcu.externaltools.gnu-tools-for-stm32.13.3.rel1.win32_1.0.0.202411081344/tools/bin/../lib/gcc/arm-none-eabi/13.3.1/../../../../arm-none-eabi/lib/thumb/v7-m/nofp\libc_nano.a(libc_a-rand.o)
 .ARM.attributes
                0x00000557       0x2d C:/ST/STM32CubeIDE_1.18.1/STM32CubeIDE/plugins/com.st.stm32cube.ide.mcu.externaltools.gnu-tools-for-stm32.13.3.rel1.win32_1.0.0.202411081344/tools/bin/../lib/gcc/arm-none-eabi/13.3.1/../../../../arm-none-eabi/lib/thumb/v7-m/nofp\libc_nano.a(libc_a-findfp.o)
 .ARM.attributes
                0x00000584       0x2d C:/ST/STM32CubeIDE_1.18.1/STM32CubeIDE/plugins/com.st.stm32cube.ide.mcu.externaltools.gnu-tools-for-stm32.13.3.rel1.win32_1.0.0.202411081344/tools/bin/../lib/gcc/arm-none-eabi/13.3.1/../../../../arm-none-eabi/lib/thumb/v7-m/nofp\libc_nano.a(libc_a-fwalk.o)
 .ARM.attributes
                0x000005b1       0x2d C:/ST/STM32CubeIDE_1.18.1/STM32CubeIDE/plugins/com.st.stm32cube.ide.mcu.externaltools.gnu-tools-for-stm32.13.3.rel1.win32_1.0.0.202411081344/tools/bin/../lib/gcc/arm-none-eabi/13.3.1/../../../../arm-none-eabi/lib/thumb/v7-m/nofp\libc_nano.a(libc_a-printf.o)
 .ARM.attributes
                0x000005de       0x2d C:/ST/STM32CubeIDE_1.18.1/STM32CubeIDE/plugins/com.st.stm32cube.ide.mcu.externaltools.gnu-tools-for-stm32.13.3.rel1.win32_1.0.0.202411081344/tools/bin/../lib/gcc/arm-none-eabi/13.3.1/../../../../arm-none-eabi/lib/thumb/v7-m/nofp\libc_nano.a(libc_a-puts.o)
 .ARM.attributes
                0x0000060b       0x2d C:/ST/STM32CubeIDE_1.18.1/STM32CubeIDE/plugins/com.st.stm32cube.ide.mcu.externaltools.gnu-tools-for-stm32.13.3.rel1.win32_1.0.0.202411081344/tools/bin/../lib/gcc/arm-none-eabi/13.3.1/../../../../arm-none-eabi/lib/thumb/v7-m/nofp\libc_nano.a(libc_a-snprintf.o)
 .ARM.attributes
                0x00000638       0x2d C:/ST/STM32CubeIDE_1.18.1/STM32CubeIDE/plugins/com.st.stm32cube.ide.mcu.externaltools.gnu-tools-for-stm32.13.3.rel1.win32_1.0.0.202411081344/tools/bin/../lib/gcc/arm-none-eabi/13.3.1/../../../../arm-none-eabi/lib/thumb/v7-m/nofp\libc_nano.a(libc_a-stdio.o)
 .ARM.attributes
                0x00000665       0x2d C:/ST/STM32CubeIDE_1.18.1/STM32CubeIDE/plugins/com.st.stm32cube.ide.mcu.externaltools.gnu-tools-for-stm32.13.3.rel1.win32_1.0.0.202411081344/tools/bin/../lib/gcc/arm-none-eabi/13.3.1/../../../../arm-none-eabi/lib/thumb/v7-m/nofp\libc_nano.a(libc_a-wbuf.o)
 .ARM.attributes
                0x00000692       0x2d C:/ST/STM32CubeIDE_1.18.1/STM32CubeIDE/plugins/com.st.stm32cube.ide.mcu.externaltools.gnu-tools-for-stm32.13.3.rel1.win32_1.0.0.202411081344/tools/bin/../lib/gcc/arm-none-eabi/13.3.1/../../../../arm-none-eabi/lib/thumb/v7-m/nofp\libc_nano.a(libc_a-wsetup.o)
 .ARM.attributes
                0x000006bf       0x2d C:/ST/STM32CubeIDE_1.18.1/STM32CubeIDE/plugins/com.st.stm32cube.ide.mcu.externaltools.gnu-tools-for-stm32.13.3.rel1.win32_1.0.0.202411081344/tools/bin/../lib/gcc/arm-none-eabi/13.3.1/../../../../arm-none-eabi/lib/thumb/v7-m/nofp\libc_nano.a(libc_a-memset.o)
 .ARM.attributes
                0x000006ec       0x2d C:/ST/STM32CubeIDE_1.18.1/STM32CubeIDE/plugins/com.st.stm32cube.ide.mcu.externaltools.gnu-tools-for-stm32.13.3.rel1.win32_1.0.0.202411081344/tools/bin/../lib/gcc/arm-none-eabi/13.3.1/../../../../arm-none-eabi/lib/thumb/v7-m/nofp\libc_nano.a(libc_a-closer.o)
 .ARM.attributes
                0x00000719       0x2d C:/ST/STM32CubeIDE_1.18.1/STM32CubeIDE/plugins/com.st.stm32cube.ide.mcu.externaltools.gnu-tools-for-stm32.13.3.rel1.win32_1.0.0.202411081344/tools/bin/../lib/gcc/arm-none-eabi/13.3.1/../../../../arm-none-eabi/lib/thumb/v7-m/nofp\libc_nano.a(libc_a-reent.o)
 .ARM.attributes
                0x00000746       0x2d C:/ST/STM32CubeIDE_1.18.1/STM32CubeIDE/plugins/com.st.stm32cube.ide.mcu.externaltools.gnu-tools-for-stm32.13.3.rel1.win32_1.0.0.202411081344/tools/bin/../lib/gcc/arm-none-eabi/13.3.1/../../../../arm-none-eabi/lib/thumb/v7-m/nofp\libc_nano.a(libc_a-impure.o)
 .ARM.attributes
                0x00000773       0x2d C:/ST/STM32CubeIDE_1.18.1/STM32CubeIDE/plugins/com.st.stm32cube.ide.mcu.externaltools.gnu-tools-for-stm32.13.3.rel1.win32_1.0.0.202411081344/tools/bin/../lib/gcc/arm-none-eabi/13.3.1/../../../../arm-none-eabi/lib/thumb/v7-m/nofp\libc_nano.a(libc_a-lseekr.o)
 .ARM.attributes
                0x000007a0       0x2d C:/ST/STM32CubeIDE_1.18.1/STM32CubeIDE/plugins/com.st.stm32cube.ide.mcu.externaltools.gnu-tools-for-stm32.13.3.rel1.win32_1.0.0.202411081344/tools/bin/../lib/gcc/arm-none-eabi/13.3.1/../../../../arm-none-eabi/lib/thumb/v7-m/nofp\libc_nano.a(libc_a-readr.o)
 .ARM.attributes