../Core/Src/main.c:93:17:read_stable_distance	32	static
../Core/Src/main.c:141:6:delay_us	24	static
../Core/Src/main.c:149:6:LCD_DATA	32	static
../Core/Src/main.c:162:6:LCD_CMD	32	static
../Core/Src/main.c:175:6:LCD_CMD_4bit	32	static
../Core/Src/main.c:183:6:LCD_INIT	8	static
../Core/Src/main.c:197:6:LCD_XY	16	static
../Core/Src/main.c:204:6:LCD_CLEAR	8	static
../Core/Src/main.c:209:6:LCD_PUTS	16	static
../Core/Src/main.c:217:13:StateToStr	16	static
../Core/Src/main.c:232:6:I2C_ScanAddresses	16	static
../Core/Src/main.c:248:6:Handle_Command	16	static
../Core/Src/main.c:325:6:Set_LED_By_State	16	static
../Core/Src/main.c:353:5:main	64	static
../Core/Src/main.c:758:6:SystemClock_Config	72	static
../Core/Src/main.c:797:13:MX_I2C1_Init	8	static
../Core/Src/main.c:831:13:MX_SPI2_Init	8	static
../Core/Src/main.c:869:13:MX_TIM1_Init	96	static
../Core/Src/main.c:943:13:MX_TIM2_Init	48	static
../Core/Src/main.c:1001:13:MX_TIM3_Init	64	static
../Core/Src/main.c:1060:13:MX_USART2_UART_Init	8	static
../Core/Src/main.c:1081:13:MX_USART3_UART_Init	8	static
../Core/Src/main.c:1100:13:MX_DMA_Init	16	static
../Core/Src/main.c:1121:13:MX_GPIO_Init	40	static
../Core/Src/main.c:1209:6:HAL_TIM_IC_CaptureCallback	16	static
../Core/Src/main.c:1211:5:_write	32	static
../Core/Src/main.c:1227:6:HAL_UART_ErrorCallback	24	static
../Core/Src/main.c:1251:6:Error_Handler	4	static,ignoring_inline_asm
