../Core/Src/main.c:86:17:read_stable_distance	6
../Core/Src/main.c:137:6:delay_us	2
../Core/Src/main.c:145:6:LCD_DATA	1
../Core/Src/main.c:158:6:LCD_CMD	1
../Core/Src/main.c:171:6:LCD_CMD_4bit	3
../Core/Src/main.c:179:6:LCD_INIT	1
../Core/Src/main.c:193:6:LCD_XY	5
../Core/Src/main.c:200:6:LCD_CLEAR	1
../Core/Src/main.c:205:6:LCD_PUTS	2
../Core/Src/main.c:213:13:StateToStr	8
../Core/Src/main.c:234:1:__io_putchar	2
../Core/Src/main.c:242:6:I2C_ScanAddresses	3
../Core/Src/main.c:258:6:Handle_Command	8
../Core/Src/main.c:334:6:Set_LED_By_State	5
../Core/Src/main.c:362:5:main	41
../Core/Src/main.c:720:6:SystemClock_Config	3
../Core/Src/main.c:759:13:MX_I2C1_Init	2
../Core/Src/main.c:793:13:MX_SPI2_Init	2
../Core/Src/main.c:831:13:MX_TIM1_Init	7
../Core/Src/main.c:905:13:MX_TIM2_Init	6
../Core/Src/main.c:963:13:MX_TIM3_Init	6
../Core/Src/main.c:1022:13:MX_USART2_UART_Init	2
../Core/Src/main.c:1053:13:MX_DMA_Init	1
../Core/Src/main.c:1075:13:MX_GPIO_Init	1
../Core/Src/main.c:1157:6:HAL_TIM_IC_CaptureCallback	3
../Core/Src/main.c:1158:6:HAL_UART_RxCpltCallback	2
../Core/Src/main.c:1167:6:HAL_UART_ErrorCallback	2
../Core/Src/main.c:1175:5:_write	1
../Core/Src/main.c:1186:6:Error_Handler	1
