../Core/Src/main.c:87:17:read_stable_distance	32	static
../Core/Src/main.c:138:6:delay_us	24	static
../Core/Src/main.c:146:6:LCD_DATA	32	static
../Core/Src/main.c:159:6:LCD_CMD	32	static
../Core/Src/main.c:172:6:LCD_CMD_4bit	32	static
../Core/Src/main.c:180:6:LCD_INIT	8	static
../Core/Src/main.c:194:6:LCD_XY	16	static
../Core/Src/main.c:201:6:LCD_CLEAR	8	static
../Core/Src/main.c:206:6:LCD_PUTS	16	static
../Core/Src/main.c:214:13:StateToStr	16	static
../Core/Src/main.c:235:1:__io_putchar	16	static
../Core/Src/main.c:243:6:I2C_ScanAddresses	16	static
../Core/Src/main.c:259:6:Handle_Command	16	static
../Core/Src/main.c:335:6:Set_LED_By_State	16	static
../Core/Src/main.c:363:5:main	40	static
../Core/Src/main.c:728:6:SystemClock_Config	72	static
../Core/Src/main.c:767:13:MX_I2C1_Init	8	static
../Core/Src/main.c:801:13:MX_SPI2_Init	8	static
../Core/Src/main.c:839:13:MX_TIM1_Init	96	static
../Core/Src/main.c:913:13:MX_TIM2_Init	48	static
../Core/Src/main.c:971:13:MX_TIM3_Init	64	static
../Core/Src/main.c:1030:13:MX_USART2_UART_Init	8	static
../Core/Src/main.c:1061:13:MX_DMA_Init	16	static
../Core/Src/main.c:1082:13:MX_GPIO_Init	40	static
../Core/Src/main.c:1164:6:HAL_TIM_IC_CaptureCallback	16	static
../Core/Src/main.c:1165:6:HAL_UART_RxCpltCallback	16	static
../Core/Src/main.c:1174:6:HAL_UART_ErrorCallback	24	static
../Core/Src/main.c:1182:5:_write	24	static
../Core/Src/main.c:1193:6:Error_Handler	4	static,ignoring_inline_asm
