../Core/Src/drivers/lcd_st7735.c:48:20:LCD_Cmd	16	static
../Core/Src/drivers/lcd_st7735.c:56:20:LCD_Data	16	static
../Core/Src/drivers/lcd_st7735.c:66:6:LCD_SetWindow	32	static
../Core/Src/drivers/lcd_st7735.c:93:6:LCD_WriteColorFast	32	static
../Core/Src/drivers/lcd_st7735.c:122:6:LCD_WriteBuffer	32	static
../Core/Src/drivers/lcd_st7735.c:163:6:LCD_Clear	16	static
../Core/Src/drivers/lcd_st7735.c:169:6:LCD_Init	8	static
../Core/Src/drivers/lcd_st7735.c:198:6:HAL_SPI_TxCpltCallback	16	static
../Core/Src/drivers/lcd_st7735.c:306:6:LCD_DrawChar	144	static
../Core/Src/drivers/lcd_st7735.c:334:6:LCD_DrawString	40	static
