../Core/Src/drivers/motor.c:8:13:RF	16	static
../Core/Src/drivers/motor.c:24:13:RB	16	static
../Core/Src/drivers/motor.c:40:13:LF	16	static
../Core/Src/drivers/motor.c:56:13:LB	16	static
../Core/Src/drivers/motor.c:76:6:Motor_Init	8	static
../Core/Src/drivers/motor.c:81:6:Motor_Stop	8	static
../Core/Src/drivers/motor.c:89:6:Motor_Forward	8	static
../Core/Src/drivers/motor.c:97:6:Motor_Backward	8	static
../Core/Src/drivers/motor.c:105:6:Motor_Right	8	static
../Core/Src/drivers/motor.c:113:6:Motor_Left	8	static
